Archive member included to satisfy reference by file (symbol)

c:\arduino_jol\build/core\core.a(gcc_startup_nrf52840.S.o)
                              (Reset_Handler)
c:\arduino_jol\build/core\core.a(delay.c.o)
                              c:\arduino_jol\build\sketch\Arduino_.ino.cpp.o (millis)
c:\arduino_jol\build/core\core.a(queue.c.o)
                              c:\arduino_jol\build\libraries\Adafruit_TinyUSB_Arduino\device\usbd.c.o (xQueueGenericCreateStatic)
c:\arduino_jol\build/core\core.a(tasks.c.o)
                              c:\arduino_jol\build\libraries\Adafruit_TinyUSB_Arduino\arduino\ports\nrf\Adafruit_TinyUSB_nrf.cpp.o (xTaskCreate)
c:\arduino_jol\build/core\core.a(timers.c.o)
                              c:\arduino_jol\build/core\core.a(tasks.c.o) (xTimerCreateTimerTask)
c:\arduino_jol\build/core\core.a(port_cmsis.c.o)
                              c:\arduino_jol\build/core\core.a(tasks.c.o) (pxPortInitialiseStack)
c:\arduino_jol\build/core\core.a(port_cmsis_systick.c.o)
                              c:\arduino_jol\build/core\core.a(port_cmsis.c.o) (vPortSetupTimerInterrupt)
c:\arduino_jol\build/core\core.a(port.c.o)
                              c:\arduino_jol\build/core\core.a(port_cmsis.c.o) (vPortStartFirstTask)
c:\arduino_jol\build/core\core.a(hooks.c.o)
                              c:\arduino_jol\build/core\core.a(tasks.c.o) (vApplicationIdleHook)
c:\arduino_jol\build/core\core.a(nrfx_power.c.o)
                              c:\arduino_jol\build\libraries\Adafruit_TinyUSB_Arduino\arduino\ports\nrf\Adafruit_TinyUSB_nrf.cpp.o (nrfx_power_init)
c:\arduino_jol\build/core\core.a(system_nrf52.c.o)
                              c:\arduino_jol\build/core\core.a(gcc_startup_nrf52840.S.o) (SystemInit)
c:\arduino_jol\build/core\core.a(wiring.c.o)
                              c:\arduino_jol\build\libraries\Adafruit_TinyUSB_Arduino\arduino\ports\nrf\Adafruit_TinyUSB_nrf.cpp.o (enterSerialDfu)
c:\arduino_jol\build/core\core.a(wiring_analog_nRF52.c.o)
                              c:\arduino_jol\build\sketch\Arduino_.ino.cpp.o (analogRead)
c:\arduino_jol\build/core\core.a(wiring_digital.c.o)
                              c:\arduino_jol\build\core\variant.cpp.o (pinMode)
c:\arduino_jol\build/core\core.a(Print.cpp.o)
                              c:\arduino_jol\build\libraries\Adafruit_TinyUSB_Arduino\arduino\midi\Adafruit_USBD_MIDI.cpp.o (Print::write(unsigned char const*, unsigned int))
c:\arduino_jol\build/core\core.a(RingBuffer.cpp.o)
                              c:\arduino_jol\build\libraries\Wire\Wire_nRF52.cpp.o (RingBuffer::RingBuffer())
c:\arduino_jol\build/core\core.a(abi.cpp.o)
                              c:\arduino_jol\build/core\core.a(Print.cpp.o) (__cxa_pure_virtual)
c:\arduino_jol\build/core\core.a(main.cpp.o)
                              c:/users/soong/appdata/local/arduino15/packages/seeeduino/tools/arm-none-eabi-gcc/9-2019q4/bin/../lib/gcc/arm-none-eabi/9.2.1/../../../../arm-none-eabi/lib/thumb/v7e-m+fp/hard/crt0.o (main)
c:\arduino_jol\build/core\core.a(rtos.cpp.o)
                              c:\arduino_jol\build/core\core.a(tasks.c.o) (vApplicationStackOverflowHook)
c:\arduino_jol\build/core\core.a(list.c.o)
                              c:\arduino_jol\build/core\core.a(queue.c.o) (vListInitialise)
c:\arduino_jol\build/core\core.a(heap_3.c.o)
                              c:\arduino_jol\build/core\core.a(queue.c.o) (pvPortMalloc)
c:\arduino_jol\build/core\core.a(AdaCallback.c.o)
                              c:\arduino_jol\build/core\core.a(main.cpp.o) (ada_callback_init)
c:/users/soong/appdata/local/arduino15/packages/seeeduino/tools/arm-none-eabi-gcc/9-2019q4/bin/../lib/gcc/arm-none-eabi/9.2.1/../../../../arm-none-eabi/lib/thumb/v7e-m+fp/hard\libstdc++_nano.a(atexit_arm.o)
                              c:\arduino_jol\build\sketch\Arduino_.ino.cpp.o (__aeabi_atexit)
c:/users/soong/appdata/local/arduino15/packages/seeeduino/tools/arm-none-eabi-gcc/9-2019q4/bin/../lib/gcc/arm-none-eabi/9.2.1/thumb/v7e-m+fp/hard\libgcc.a(_arm_muldf3.o)
                              c:\arduino_jol\build\libraries\DFRobot_BloodOxygen_S\DFRobot_BloodOxygen_S.cpp.o (__aeabi_dmul)
c:/users/soong/appdata/local/arduino15/packages/seeeduino/tools/arm-none-eabi-gcc/9-2019q4/bin/../lib/gcc/arm-none-eabi/9.2.1/thumb/v7e-m+fp/hard\libgcc.a(_arm_addsubdf3.o)
                              c:\arduino_jol\build\libraries\DFRobot_BloodOxygen_S\DFRobot_BloodOxygen_S.cpp.o (__aeabi_dadd)
c:/users/soong/appdata/local/arduino15/packages/seeeduino/tools/arm-none-eabi-gcc/9-2019q4/bin/../lib/gcc/arm-none-eabi/9.2.1/thumb/v7e-m+fp/hard\libgcc.a(_arm_truncdfsf2.o)
                              c:\arduino_jol\build\libraries\DFRobot_BloodOxygen_S\DFRobot_BloodOxygen_S.cpp.o (__aeabi_d2f)
c:/users/soong/appdata/local/arduino15/packages/seeeduino/tools/arm-none-eabi-gcc/9-2019q4/bin/../lib/gcc/arm-none-eabi/9.2.1/thumb/v7e-m+fp/hard\libgcc.a(_aeabi_ldivmod.o)
[...]
Memory Configuration

Name             Origin             Length             Attributes
FLASH            0x00027000         0x000c6000         xr
RAM              0x20006000         0x0003a000         xrw
*default*        0x00000000         0xffffffff

Linker script and memory map

                0x00000800                __StackSize = 0x800
                0x20040000                PROVIDE (__StackTop = (ORIGIN (RAM) + LENGTH (RAM)))
                0x2003f800                PROVIDE (__StackLimit = (__StackTop - __StackSize))
                0x20040000                PROVIDE (__stack = __StackTop)
                0x00027000                __flash_arduino_start = ORIGIN (FLASH)
                0x000ed000                __flash_arduino_end = (ORIGIN (FLASH) + LENGTH (FLASH))

.text           0x00027000     0xb714
 *(.isr_vector)
 .isr_vector    0x00027000      0x200 c:\arduino_jol\build/core\core.a(gcc_startup_nrf52840.S.o)
                0x00027000                __isr_vector
 *(.text*)
 .text.startup  0x00027200       0x10 c:/users/soong/appdata/local/arduino15/packages/seeeduino/tools/arm-none-eabi-gcc/9-2019q4/bin/../lib/gcc/arm-none-eabi/9.2.1/thumb/v7e-m+fp/hard/crtfastmath.o
 .text          0x00027210       0x40 c:/users/soong/appdata/local/arduino15/packages/seeeduino/tools/arm-none-eabi-gcc/9-2019q4/bin/../lib/gcc/arm-none-eabi/9.2.1/thumb/v7e-m+fp/hard/crtbegin.o
 .text          0x00027250       0x74 c:/users/soong/appdata/local/arduino15/packages/seeeduino/tools/arm-none-eabi-gcc/9-2019q4/bin/../lib/gcc/arm-none-eabi/9.2.1/../../../../arm-none-eabi/lib/thumb/v7e-m+fp/hard/crt0.o
                0x00027250                _start
                0x00027250                _mainCRTStartup
 .text._ZN25DFRobot_BloodOxygen_S_I2CD2Ev
                0x000272c4        0x4 c:\arduino_jol\build\sketch\Arduino_.ino.cpp.o
                0x000272c4                DFRobot_BloodOxygen_S_I2C::~DFRobot_BloodOxygen_S_I2C()
                0x000272c4                DFRobot_BloodOxygen_S_I2C::~DFRobot_BloodOxygen_S_I2C()
 .text.setup    0x000272c8       0x94 c:\arduino_jol\build\sketch\Arduino_.ino.cpp.o
                0x000272c8                setup
 .text.loop     0x0002735c       0xb8 c:\arduino_jol\build\sketch\Arduino_.ino.cpp.o
                0x0002735c                loop
 .text.startup._GLOBAL__sub_I_MAX30102
                0x00027414       0x2c c:\arduino_jol\build\sketch\Arduino_.ino.cpp.o
 .text._ZN25DFRobot_BloodOxygen_S_I2C8writeRegEtPhh
                0x00027440       0x40 c:\arduino_jol\build\libraries\DFRobot_BloodOxygen_S\DFRobot_BloodOxygen_S.cpp.o
                0x00027440                DFRobot_BloodOxygen_S_I2C::writeReg(unsigned short, unsigned char*, unsigned char)
 .text._ZN25DFRobot_BloodOxygen_S_I2C7readRegEtPhh
                0x00027480       0x54 c:\arduino_jol\build\libraries\DFRobot_BloodOxygen_S\DFRobot_BloodOxygen_S.cpp.o
                0x00027480                DFRobot_BloodOxygen_S_I2C::readReg(unsigned short, unsigned char*, unsigned char)
 .text._ZN21DFRobot_BloodOxygen_S16getHeartbeatSPO2Ev
                0x000274d4       0x38 c:\arduino_jol\build\libraries\DFRobot_BloodOxygen_S\DFRobot_BloodOxygen_S.cpp.o
                0x000274d4                DFRobot_BloodOxygen_S::getHeartbeatSPO2()
 *fill*         0x0002750c        0x4 
 .text._ZN21DFRobot_BloodOxygen_S16getTemperature_CEv
                0x00027510       0x50 c:\arduino_jol\build\libraries\DFRobot_BloodOxygen_S\DFRobot_BloodOxygen_S.cpp.o
                0x00027510                DFRobot_BloodOxygen_S::getTemperature_C()
 .text._ZN21DFRobot_BloodOxygen_S18sensorStartCollectEv
                0x00027560       0x1c c:\arduino_jol\build\libraries\DFRobot_BloodOxygen_S\DFRobot_BloodOxygen_S.cpp.o
                0x00027560                DFRobot_BloodOxygen_S::sensorStartCollect()
 .text._ZN25DFRobot_BloodOxygen_S_I2CC2EP7TwoWireh
                0x0002757c       0x14 c:\arduino_jol\build\libraries\DFRobot_BloodOxygen_S\DFRobot_BloodOxygen_S.cpp.o
                0x0002757c                DFRobot_BloodOxygen_S_I2C::DFRobot_BloodOxygen_S_I2C(TwoWire*, unsigned char)
                0x0002757c                DFRobot_BloodOxygen_S_I2C::DFRobot_BloodOxygen_S_I2C(TwoWire*, unsigned char)
 .text._ZN25DFRobot_BloodOxygen_S_I2C5beginEv
                0x00027590       0x20 c:\arduino_jol\build\libraries\DFRobot_BloodOxygen_S\DFRobot_BloodOxygen_S.cpp.o
                0x00027590                DFRobot_BloodOxygen_S_I2C::begin()
 .text._ZN5Print17availableForWriteEv
                0x000275b0        0x4 c:\arduino_jol\build\libraries\Wire\Wire_nRF52.cpp.o
                0x000275b0                Print::availableForWrite()
 .text._ZN7TwoWire5flushEv
                0x000275b4        0x4 c:\arduino_jol\build\libraries\Wire\Wire_nRF52.cpp.o
                0x000275b4                TwoWire::flush()
 .text._ZN7TwoWire9availableEv
                0x000275b8        0x8 c:\arduino_jol\build\libraries\Wire\Wire_nRF52.cpp.o
                0x000275b8                TwoWire::available()
 .text._ZN7TwoWire5writeEh
                0x000275c0       0x28 c:\arduino_jol\build\libraries\Wire\Wire_nRF52.cpp.o
                0x000275c0                TwoWire::write(unsigned char)
 .text._ZN7TwoWire4readEv
                0x000275e8        0x8 c:\arduino_jol\build\libraries\Wire\Wire_nRF52.cpp.o
                0x000275e8                TwoWire::read()
 .text._ZN7TwoWire4peekEv
                0x000275f0        0x8 c:\arduino_jol\build\libraries\Wire\Wire_nRF52.cpp.o
                0x000275f0                TwoWire::peek()
 .text._ZN7TwoWire5writeEPKhj
                0x000275f8       0x70 c:\arduino_jol\build\libraries\Wire\Wire_nRF52.cpp.o
                0x000275f8                TwoWire::write(unsigned char const*, unsigned int)
 .text._ZN7TwoWire5beginEv
                0x00027668       0xb8 c:\arduino_jol\build\libraries\Wire\Wire_nRF52.cpp.o
                0x00027668                TwoWire::begin()
 .text._ZN7TwoWire8setClockEm
                0x00027720       0x3c c:\arduino_jol\build\libraries\Wire\Wire_nRF52.cpp.o
                0x00027720                TwoWire::setClock(unsigned long)
 .text._ZN7TwoWire11requestFromEhj
                0x0002775c       0x80 c:\arduino_jol\build\libraries\Wire\Wire_nRF52.cpp.o
                0x0002775c                TwoWire::requestFrom(unsigned char, unsigned int)
 .text._ZN7TwoWire17beginTransmissionEh
                0x000277dc       0x14 c:\arduino_jol\build\libraries\Wire\Wire_nRF52.cpp.o
                0x000277dc                TwoWire::beginTransmission(unsigned char)
 .text._ZN7TwoWire15endTransmissionEb
                0x000277f0       0xbc c:\arduino_jol\build\libraries\Wire\Wire_nRF52.cpp.o
                0x000277f0                TwoWire::endTransmission(bool)
 .text._ZN7TwoWire15endTransmissionEv
                0x000278ac        0x8 c:\arduino_jol\build\libraries\Wire\Wire_nRF52.cpp.o
                0x000278ac                TwoWire::endTransmission()
 .text.SPIM0_SPIS0_TWIM0_TWIS0_SPI0_TWI0_IRQHandler
                0x000278b4       0xb4 c:\arduino_jol\build\libraries\Wire\Wire_nRF52.cpp.o
                0x000278b4                SPIM0_SPIS0_TWIM0_TWIS0_SPI0_TWI0_IRQHandler
 .text.SPIM1_SPIS1_TWIM1_TWIS1_SPI1_TWI1_IRQHandler
                0x00027968       0xb4 c:\arduino_jol\build\libraries\Wire\Wire_nRF52.cpp.o
                0x00027968                SPIM1_SPIS1_TWIM1_TWIS1_SPI1_TWI1_IRQHandler
 .text.startup._GLOBAL__sub_I__ZN7TwoWireC2EP13NRF_TWIM_TypeP13NRF_TWIS_Type9IRQn_Typehh
                0x00027a1c       0x84 c:\arduino_jol\build\libraries\Wire\Wire_nRF52.cpp.o
 .text.tusb_init
                0x00027aa0       0x1c c:\arduino_jol\build\libraries\Adafruit_TinyUSB_Arduino\tusb.c.o
                0x00027aa0                tusb_init
 .text.tusb_inited
                0x00027abc        0x4 c:\arduino_jol\build\libraries\Adafruit_TinyUSB_Arduino\tusb.c.o
                0x00027abc                tusb_inited
 .text.tu_edpt_validate
                0x00027ac0       0x68 c:\arduino_jol\build\libraries\Adafruit_TinyUSB_Arduino\tusb.c.o
                0x00027ac0                tu_edpt_validate
 .text.tu_edpt_bind_driver
                0x00027b28       0x38 c:\arduino_jol\build\libraries\Adafruit_TinyUSB_Arduino\tusb.c.o
                0x00027b28                tu_edpt_bind_driver
 .text.TinyUSB_Device_Init
                0x00027b60        0xc c:\arduino_jol\build\libraries\Adafruit_TinyUSB_Arduino\arduino\Adafruit_TinyUSB_API.cpp.o
                0x00027b60                TinyUSB_Device_Init
 .text.TinyUSB_Device_FlushCDC
                0x00027b6c       0x1c c:\arduino_jol\build\libraries\Adafruit_TinyUSB_Arduino\arduino\Adafruit_TinyUSB_API.cpp.o
                0x00027b6c                TinyUSB_Device_FlushCDC
 .text._ZN17Adafruit_USBD_CDC22getInterfaceDescriptorEhPht
                0x00027b88       0xe8 c:\arduino_jol\build\libraries\Adafruit_TinyUSB_Arduino\arduino\Adafruit_USBD_CDC.cpp.o
                0x00027b88                Adafruit_USBD_CDC::getInterfaceDescriptor(unsigned char, unsigned char*, unsigned short)
 .text._ZN17Adafruit_USBD_CDC9availableEv
                0x00027c70       0x20 c:\arduino_jol\build\libraries\Adafruit_TinyUSB_Arduino\arduino\Adafruit_USBD_CDC.cpp.o
                0x00027c70                Adafruit_USBD_CDC::available()
 .text._ZN17Adafruit_USBD_CDC4peekEv
                0x00027c90       0x2c c:\arduino_jol\build\libraries\Adafruit_TinyUSB_Arduino\arduino\Adafruit_USBD_CDC.cpp.o
                0x00027c90                Adafruit_USBD_CDC::peek()
 .text._ZN17Adafruit_USBD_CDC4readEv
                0x00027cbc       0x2c c:\arduino_jol\build\libraries\Adafruit_TinyUSB_Arduino\arduino\Adafruit_USBD_CDC.cpp.o
                0x00027cbc                Adafruit_USBD_CDC::read()
 .text._ZN17Adafruit_USBD_CDC5flushEv
                0x00027ce8        0xc c:\arduino_jol\build\libraries\Adafruit_TinyUSB_Arduino\arduino\Adafruit_USBD_CDC.cpp.o
                0x00027ce8                Adafruit_USBD_CDC::flush()
 .text._ZN17Adafruit_USBD_CDC17availableForWriteEv
                0x00027cf4       0x10 c:\arduino_jol\build\libraries\Adafruit_TinyUSB_Arduino\arduino\Adafruit_USBD_CDC.cpp.o
                0x00027cf4                Adafruit_USBD_CDC::availableForWrite()
 .text._ZN17Adafruit_USBD_CDC5writeEPKhj
                0x00027d04       0x48 c:\arduino_jol\build\libraries\Adafruit_TinyUSB_Arduino\arduino\Adafruit_USBD_CDC.cpp.o
                0x00027d04                Adafruit_USBD_CDC::write(unsigned char const*, unsigned int)
 .text._ZN17Adafruit_USBD_CDC5writeEh
                0x00027d4c       0x6c c:\arduino_jol\build\libraries\Adafruit_TinyUSB_Arduino\arduino\Adafruit_USBD_CDC.cpp.o
                0x00027d4c                Adafruit_USBD_CDC::write(unsigned char)
 .text._ZThn16_N17Adafruit_USBD_CDC22getInterfaceDescriptorEhPht
                0x00027db8       0xe8 c:\arduino_jol\build\libraries\Adafruit_TinyUSB_Arduino\arduino\Adafruit_USBD_CDC.cpp.o
                0x00027db8                non-virtual thunk to Adafruit_USBD_CDC::getInterfaceDescriptor(unsigned char, unsigned char*, unsigned short)
 .text._ZN17Adafruit_USBD_CDC16getInstanceCountEv
                0x00027ea0        0xc c:\arduino_jol\build\libraries\Adafruit_TinyUSB_Arduino\arduino\Adafruit_USBD_CDC.cpp.o
                0x00027ea0                Adafruit_USBD_CDC::getInstanceCount()
 .text._ZN17Adafruit_USBD_CDC5beginEm
                0x00027eac       0x30 c:\arduino_jol\build\libraries\Adafruit_TinyUSB_Arduino\arduino\Adafruit_USBD_CDC.cpp.o
                0x00027eac                Adafruit_USBD_CDC::begin(unsigned long)
 .text._ZN17Adafruit_USBD_CDCcvbEv
                0x00027edc       0x28 c:\arduino_jol\build\libraries\Adafruit_TinyUSB_Arduino\arduino\Adafruit_USBD_CDC.cpp.o
                0x00027edc                Adafruit_USBD_CDC::operator bool()
 .text.tud_cdc_line_state_cb
                0x00027f04       0x24 c:\arduino_jol\build\libraries\Adafruit_TinyUSB_Arduino\arduino\Adafruit_USBD_CDC.cpp.o
                0x00027f04                tud_cdc_line_state_cb
 .text.startup._GLOBAL__sub_I_Serial
                0x00027f28       0x2c c:\arduino_jol\build\libraries\Adafruit_TinyUSB_Arduino\arduino\Adafruit_USBD_CDC.cpp.o
 .text._ZN20Adafruit_USBD_Device12addInterfaceER23Adafruit_USBD_Interface
                0x00027f54       0xc0 c:\arduino_jol\build\libraries\Adafruit_TinyUSB_Arduino\arduino\Adafruit_USBD_Device.cpp.o
                0x00027f54                Adafruit_USBD_Device::addInterface(Adafruit_USBD_Interface&)
 .text._ZN20Adafruit_USBD_Device5beginEh
                0x00028014       0xbc c:\arduino_jol\build\libraries\Adafruit_TinyUSB_Arduino\arduino\Adafruit_USBD_Device.cpp.o
                0x00028014                Adafruit_USBD_Device::begin(unsigned char)
 .text._ZN20Adafruit_USBD_Device20descriptor_string_cbEht
                0x000280d0      0x208 c:\arduino_jol\build\libraries\Adafruit_TinyUSB_Arduino\arduino\Adafruit_USBD_Device.cpp.o
                0x000280d0                Adafruit_USBD_Device::descriptor_string_cb(unsigned char, unsigned short)
 .text.tud_descriptor_device_cb
                0x000282d8        0x8 c:\arduino_jol\build\libraries\Adafruit_TinyUSB_Arduino\arduino\Adafruit_USBD_Device.cpp.o
                0x000282d8                tud_descriptor_device_cb
 .text.tud_descriptor_configuration_cb
                0x000282e0        0xc c:\arduino_jol\build\libraries\Adafruit_TinyUSB_Arduino\arduino\Adafruit_USBD_Device.cpp.o
                0x000282e0                tud_descriptor_configuration_cb
 .text.tud_descriptor_string_cb
                0x000282ec       0x10 c:\arduino_jol\build\libraries\Adafruit_TinyUSB_Arduino\arduino\Adafruit_USBD_Device.cpp.o
                0x000282ec                tud_descriptor_string_cb
 .text.tud_hid_descriptor_report_cb
                0x000282fc       0x10 c:\arduino_jol\build\libraries\Adafruit_TinyUSB_Arduino\arduino\hid\Adafruit_USBD_HID.cpp.o
                0x000282fc                tud_hid_descriptor_report_cb
 .text.tud_hid_get_report_cb
                0x0002830c       0x28 c:\arduino_jol\build\libraries\Adafruit_TinyUSB_Arduino\arduino\hid\Adafruit_USBD_HID.cpp.o
                0x0002830c                tud_hid_get_report_cb
 .text.tud_hid_set_report_cb
                0x00028334       0x28 c:\arduino_jol\build\libraries\Adafruit_TinyUSB_Arduino\arduino\hid\Adafruit_USBD_HID.cpp.o
                0x00028334                tud_hid_set_report_cb
 .text.tud_msc_get_maxlun_cb
                0x0002835c       0x10 c:\arduino_jol\build\libraries\Adafruit_TinyUSB_Arduino\arduino\msc\Adafruit_USBD_MSC.cpp.o
                0x0002835c                tud_msc_get_maxlun_cb
 .text.tud_msc_inquiry_cb
                0x0002836c       0xa8 c:\arduino_jol\build\libraries\Adafruit_TinyUSB_Arduino\arduino\msc\Adafruit_USBD_MSC.cpp.o
                0x0002836c                tud_msc_inquiry_cb
 .text.tud_msc_test_unit_ready_cb
                0x00028414       0x34 c:\arduino_jol\build\libraries\Adafruit_TinyUSB_Arduino\arduino\msc\Adafruit_USBD_MSC.cpp.o
                0x00028414                tud_msc_test_unit_ready_cb
 .text.tud_msc_capacity_cb
                0x00028448       0x24 c:\arduino_jol\build\libraries\Adafruit_TinyUSB_Arduino\arduino\msc\Adafruit_USBD_MSC.cpp.o
                0x00028448                tud_msc_capacity_cb
 .text.tud_msc_scsi_cb
                0x0002846c       0x1c c:\arduino_jol\build\libraries\Adafruit_TinyUSB_Arduino\arduino\msc\Adafruit_USBD_MSC.cpp.o
                0x0002846c                tud_msc_scsi_cb
 .text.tud_msc_read10_cb
                0x00028488       0x2c c:\arduino_jol\build\libraries\Adafruit_TinyUSB_Arduino\arduino\msc\Adafruit_USBD_MSC.cpp.o
                0x00028488                tud_msc_read10_cb
 .text.tud_msc_write10_cb
                0x000284b4       0x2c c:\arduino_jol\build\libraries\Adafruit_TinyUSB_Arduino\arduino\msc\Adafruit_USBD_MSC.cpp.o
                0x000284b4                tud_msc_write10_cb
 .text.tud_msc_write10_complete_cb
                0x000284e0       0x1c c:\arduino_jol\build\libraries\Adafruit_TinyUSB_Arduino\arduino\msc\Adafruit_USBD_MSC.cpp.o
                0x000284e0                tud_msc_write10_complete_cb
 .text._ZL15usb_device_taskPv
                0x000284fc       0x4c c:\arduino_jol\build\libraries\Adafruit_TinyUSB_Arduino\arduino\ports\nrf\Adafruit_TinyUSB_nrf.cpp.o
 .text._ZL19power_event_handler20nrfx_power_usb_evt_t
                0x00028548        0x4 c:\arduino_jol\build\libraries\Adafruit_TinyUSB_Arduino\arduino\ports\nrf\Adafruit_TinyUSB_nrf.cpp.o
 .text.USBD_IRQHandler
                0x0002854c        0x8 c:\arduino_jol\build\libraries\Adafruit_TinyUSB_Arduino\arduino\ports\nrf\Adafruit_TinyUSB_nrf.cpp.o
                0x0002854c                USBD_IRQHandler
 .text._Z23TinyUSB_Port_InitDeviceh
                0x00028554       0x24 c:\arduino_jol\build\libraries\Adafruit_TinyUSB_Arduino\arduino\ports\nrf\Adafruit_TinyUSB_nrf.cpp.o
                0x00028554                TinyUSB_Port_InitDevice(unsigned char)
 .text._Z21TinyUSB_Port_EnterDFUv
                0x00028578        0x4 c:\arduino_jol\build\libraries\Adafruit_TinyUSB_Arduino\arduino\ports\nrf\Adafruit_TinyUSB_nrf.cpp.o
                0x00028578                TinyUSB_Port_EnterDFU()
 .text._Z28TinyUSB_Port_GetSerialNumberPh
                0x0002857c       0x14 c:\arduino_jol\build\libraries\Adafruit_TinyUSB_Arduino\arduino\ports\nrf\Adafruit_TinyUSB_nrf.cpp.o
                0x0002857c                TinyUSB_Port_GetSerialNumber(unsigned char*)
 .text.tud_descriptor_bos_cb
                0x00028590        0x8 c:\arduino_jol\build\libraries\Adafruit_TinyUSB_Arduino\arduino\webusb\Adafruit_USBD_WebUSB.cpp.o
                0x00028590                tud_descriptor_bos_cb
 .text.tud_vendor_control_xfer_cb
                0x00028598       0x88 c:\arduino_jol\build\libraries\Adafruit_TinyUSB_Arduino\arduino\webusb\Adafruit_USBD_WebUSB.cpp.o
                0x00028598                tud_vendor_control_xfer_cb
 .text.tud_cdc_n_connected
                0x00028620       0x2c c:\arduino_jol\build\libraries\Adafruit_TinyUSB_Arduino\class\cdc\cdc_device.c.o
                0x00028620                tud_cdc_n_connected
 .text.tud_cdc_n_get_line_coding
                0x0002864c       0x20 c:\arduino_jol\build\libraries\Adafruit_TinyUSB_Arduino\class\cdc\cdc_device.c.o
                0x0002864c                tud_cdc_n_get_line_coding
 .text.tud_cdc_n_available
                0x0002866c       0x18 c:\arduino_jol\build\libraries\Adafruit_TinyUSB_Arduino\class\cdc\cdc_device.c.o
                0x0002866c                tud_cdc_n_available
 .text.tud_cdc_n_read
                0x00028684       0x78 c:\arduino_jol\build\libraries\Adafruit_TinyUSB_Arduino\class\cdc\cdc_device.c.o
                0x00028684                tud_cdc_n_read
 .text.tud_cdc_n_peek
                0x000286fc       0x14 c:\arduino_jol\build\libraries\Adafruit_TinyUSB_Arduino\class\cdc\cdc_device.c.o
                0x000286fc                tud_cdc_n_peek
 .text.tud_cdc_n_write_flush
                0x00028710       0x88 c:\arduino_jol\build\libraries\Adafruit_TinyUSB_Arduino\class\cdc\cdc_device.c.o
                0x00028710                tud_cdc_n_write_flush
 .text.tud_cdc_n_write
                0x00028798       0x38 c:\arduino_jol\build\libraries\Adafruit_TinyUSB_Arduino\class\cdc\cdc_device.c.o
                0x00028798                tud_cdc_n_write
 .text.tud_cdc_n_write_available
                0x000287d0       0x18 c:\arduino_jol\build\libraries\Adafruit_TinyUSB_Arduino\class\cdc\cdc_device.c.o
                0x000287d0                tud_cdc_n_write_available
 .text.cdcd_init
                0x000287e8       0x78 c:\arduino_jol\build\libraries\Adafruit_TinyUSB_Arduino\class\cdc\cdc_device.c.o
                0x000287e8                cdcd_init
 .text.cdcd_reset
                0x00028860       0x2c c:\arduino_jol\build\libraries\Adafruit_TinyUSB_Arduino\class\cdc\cdc_device.c.o
                0x00028860                cdcd_reset
 .text.cdcd_open
                0x0002888c       0xf8 c:\arduino_jol\build\libraries\Adafruit_TinyUSB_Arduino\class\cdc\cdc_device.c.o
                0x0002888c                cdcd_open
 .text.cdcd_control_xfer_cb
                0x00028984       0xc0 c:\arduino_jol\build\libraries\Adafruit_TinyUSB_Arduino\class\cdc\cdc_device.c.o
                0x00028984                cdcd_control_xfer_cb
 .text.cdcd_xfer_cb
                0x00028a44      0x188 c:\arduino_jol\build\libraries\Adafruit_TinyUSB_Arduino\class\cdc\cdc_device.c.o
                0x00028a44                cdcd_xfer_cb
 .text.hidd_init
                0x00028bcc       0x10 c:\arduino_jol\build\libraries\Adafruit_TinyUSB_Arduino\class\hid\hid_device.c.o
                0x00028bcc                hidd_init
 .text.hidd_reset
                0x00028bdc       0x10 c:\arduino_jol\build\libraries\Adafruit_TinyUSB_Arduino\class\hid\hid_device.c.o
                0x00028bdc                hidd_reset
 .text.hidd_open
                0x00028bec       0xc0 c:\arduino_jol\build\libraries\Adafruit_TinyUSB_Arduino\class\hid\hid_device.c.o
                0x00028bec                hidd_open
 .text.hidd_control_xfer_cb
                0x00028cac      0x200 c:\arduino_jol\build\libraries\Adafruit_TinyUSB_Arduino\class\hid\hid_device.c.o
                0x00028cac                hidd_control_xfer_cb
 .text.hidd_xfer_cb
                0x00028eac       0x84 c:\arduino_jol\build\libraries\Adafruit_TinyUSB_Arduino\class\hid\hid_device.c.o
                0x00028eac                hidd_xfer_cb
 .text.write_flush
                0x00028f30       0x5c c:\arduino_jol\build\libraries\Adafruit_TinyUSB_Arduino\class\midi\midi_device.c.o
 .text.midid_init
                0x00028f8c       0x60 c:\arduino_jol\build\libraries\Adafruit_TinyUSB_Arduino\class\midi\midi_device.c.o
                0x00028f8c                midid_init
 .text.midid_reset
                0x00028fec       0x28 c:\arduino_jol\build\libraries\Adafruit_TinyUSB_Arduino\class\midi\midi_device.c.o
                0x00028fec                midid_reset
 .text.midid_open
                0x00029014      0x130 c:\arduino_jol\build\libraries\Adafruit_TinyUSB_Arduino\class\midi\midi_device.c.o
                0x00029014                midid_open
 .text.midid_control_xfer_cb
                0x00029144        0x4 c:\arduino_jol\build\libraries\Adafruit_TinyUSB_Arduino\class\midi\midi_device.c.o
                0x00029144                midid_control_xfer_cb
 .text.midid_xfer_cb
                0x00029148       0xcc c:\arduino_jol\build\libraries\Adafruit_TinyUSB_Arduino\class\midi\midi_device.c.o
                0x00029148                midid_xfer_cb
 .text.proc_read10_cmd.constprop.0
                0x00029214       0xc8 c:\arduino_jol\build\libraries\Adafruit_TinyUSB_Arduino\class\msc\msc_device.c.o
 .text.proc_write10_cmd.constprop.0
                0x000292dc       0x98 c:\arduino_jol\build\libraries\Adafruit_TinyUSB_Arduino\class\msc\msc_device.c.o
 .text.tud_msc_set_sense
                0x00029374       0x18 c:\arduino_jol\build\libraries\Adafruit_TinyUSB_Arduino\class\msc\msc_device.c.o
                0x00029374                tud_msc_set_sense
 .text.mscd_init
                0x0002938c       0x10 c:\arduino_jol\build\libraries\Adafruit_TinyUSB_Arduino\class\msc\msc_device.c.o
                0x0002938c                mscd_init
 .text.mscd_reset
                0x0002939c       0x10 c:\arduino_jol\build\libraries\Adafruit_TinyUSB_Arduino\class\msc\msc_device.c.o
                0x0002939c                mscd_reset
 .text.mscd_open
                0x000293ac       0x94 c:\arduino_jol\build\libraries\Adafruit_TinyUSB_Arduino\class\msc\msc_device.c.o
                0x000293ac                mscd_open
 .text.mscd_control_xfer_cb
                0x00029440      0x134 c:\arduino_jol\build\libraries\Adafruit_TinyUSB_Arduino\class\msc\msc_device.c.o
                0x00029440                mscd_control_xfer_cb
 .text.mscd_xfer_cb
                0x00029574      0x6d4 c:\arduino_jol\build\libraries\Adafruit_TinyUSB_Arduino\class\msc\msc_device.c.o
                0x00029574                mscd_xfer_cb
 .text.vendord_init
                0x00029c48       0x5c c:\arduino_jol\build\libraries\Adafruit_TinyUSB_Arduino\class\vendor\vendor_device.c.o
                0x00029c48                vendord_init
 .text.vendord_reset
                0x00029ca4       0x20 c:\arduino_jol\build\libraries\Adafruit_TinyUSB_Arduino\class\vendor\vendor_device.c.o
                0x00029ca4                vendord_reset
 .text.vendord_open
                0x00029cc4       0xe8 c:\arduino_jol\build\libraries\Adafruit_TinyUSB_Arduino\class\vendor\vendor_device.c.o
                0x00029cc4                vendord_open
 .text.vendord_xfer_cb
                0x00029dac       0xa4 c:\arduino_jol\build\libraries\Adafruit_TinyUSB_Arduino\class\vendor\vendor_device.c.o
                0x00029dac                vendord_xfer_cb
 .text.tu_fifo_config
                0x00029e50       0x78 c:\arduino_jol\build\libraries\Adafruit_TinyUSB_Arduino\common\tusb_fifo.c.o
                0x00029e50                tu_fifo_config
 .text.tu_fifo_count
                0x00029ec8       0x20 c:\arduino_jol\build\libraries\Adafruit_TinyUSB_Arduino\common\tusb_fifo.c.o
                0x00029ec8                tu_fifo_count
 .text.tu_fifo_empty
                0x00029ee8       0x14 c:\arduino_jol\build\libraries\Adafruit_TinyUSB_Arduino\common\tusb_fifo.c.o
                0x00029ee8                tu_fifo_empty
 .text.tu_fifo_remaining
                0x00029efc       0x24 c:\arduino_jol\build\libraries\Adafruit_TinyUSB_Arduino\common\tusb_fifo.c.o
                0x00029efc                tu_fifo_remaining
 .text.tu_fifo_read_n
                0x00029f20       0xe4 c:\arduino_jol\build\libraries\Adafruit_TinyUSB_Arduino\common\tusb_fifo.c.o
                0x00029f20                tu_fifo_read_n
 .text.tu_fifo_peek
                0x0002a004       0x80 c:\arduino_jol\build\libraries\Adafruit_TinyUSB_Arduino\common\tusb_fifo.c.o
                0x0002a004                tu_fifo_peek
 .text.tu_fifo_write_n
                0x0002a084       0xec c:\arduino_jol\build\libraries\Adafruit_TinyUSB_Arduino\common\tusb_fifo.c.o
                0x0002a084                tu_fifo_write_n
 .text.tu_fifo_clear
                0x0002a170       0x50 c:\arduino_jol\build\libraries\Adafruit_TinyUSB_Arduino\common\tusb_fifo.c.o
                0x0002a170                tu_fifo_clear
 .text.tu_fifo_set_overwritable
                0x0002a1c0       0x40 c:\arduino_jol\build\libraries\Adafruit_TinyUSB_Arduino\common\tusb_fifo.c.o
                0x0002a1c0                tu_fifo_set_overwritable
 .text.tud_mounted
                0x0002a200       0x10 c:\arduino_jol\build\libraries\Adafruit_TinyUSB_Arduino\device\usbd.c.o
                0x0002a200                tud_mounted
 .text.tud_suspended
                0x0002a210       0x10 c:\arduino_jol\build\libraries\Adafruit_TinyUSB_Arduino\device\usbd.c.o
                0x0002a210                tud_suspended
 .text.tud_inited
                0x0002a220        0xc c:\arduino_jol\build\libraries\Adafruit_TinyUSB_Arduino\device\usbd.c.o
                0x0002a220                tud_inited
 .text.tud_init
                0x0002a22c      0x11c c:\arduino_jol\build\libraries\Adafruit_TinyUSB_Arduino\device\usbd.c.o
                0x0002a22c                tud_init
 .text.tud_task
                0x0002a348      0xa4c c:\arduino_jol\build\libraries\Adafruit_TinyUSB_Arduino\device\usbd.c.o
                0x0002a348                tud_task
 .text.dcd_event_bus_signal
                0x0002ad94      0x11c c:\arduino_jol\build\libraries\Adafruit_TinyUSB_Arduino\device\usbd.c.o
                0x0002ad94                dcd_event_bus_signal
 .text.dcd_event_bus_reset
                0x0002aeb0       0x5c c:\arduino_jol\build\libraries\Adafruit_TinyUSB_Arduino\device\usbd.c.o
                0x0002aeb0                dcd_event_bus_reset
 .text.dcd_event_setup_received
                0x0002af0c       0x60 c:\arduino_jol\build\libraries\Adafruit_TinyUSB_Arduino\device\usbd.c.o
                0x0002af0c                dcd_event_setup_received
 .text.dcd_event_xfer_complete
                0x0002af6c       0x68 c:\arduino_jol\build\libraries\Adafruit_TinyUSB_Arduino\device\usbd.c.o
                0x0002af6c                dcd_event_xfer_complete
 .text.usbd_open_edpt_pair
                0x0002afd4       0x94 c:\arduino_jol\build\libraries\Adafruit_TinyUSB_Arduino\device\usbd.c.o
                0x0002afd4                usbd_open_edpt_pair
 .text.usbd_defer_func
                0x0002b068       0x54 c:\arduino_jol\build\libraries\Adafruit_TinyUSB_Arduino\device\usbd.c.o
                0x0002b068                usbd_defer_func
 .text.usbd_edpt_open
                0x0002b0bc       0x40 c:\arduino_jol\build\libraries\Adafruit_TinyUSB_Arduino\device\usbd.c.o
                0x0002b0bc                usbd_edpt_open
 .text.usbd_edpt_claim
                0x0002b0fc       0x70 c:\arduino_jol\build\libraries\Adafruit_TinyUSB_Arduino\device\usbd.c.o
                0x0002b0fc                usbd_edpt_claim
 .text.usbd_edpt_release
                0x0002b16c       0x58 c:\arduino_jol\build\libraries\Adafruit_TinyUSB_Arduino\device\usbd.c.o
                0x0002b16c                usbd_edpt_release
 .text.usbd_edpt_xfer
                0x0002b1c4       0x5c c:\arduino_jol\build\libraries\Adafruit_TinyUSB_Arduino\device\usbd.c.o
                0x0002b1c4                usbd_edpt_xfer
 .text.usbd_edpt_busy
                0x0002b220       0x1c c:\arduino_jol\build\libraries\Adafruit_TinyUSB_Arduino\device\usbd.c.o
                0x0002b220                usbd_edpt_busy
 .text.usbd_edpt_stall
                0x0002b23c       0x38 c:\arduino_jol\build\libraries\Adafruit_TinyUSB_Arduino\device\usbd.c.o
                0x0002b23c                usbd_edpt_stall
 .text.usbd_edpt_stalled
                0x0002b274       0x1c c:\arduino_jol\build\libraries\Adafruit_TinyUSB_Arduino\device\usbd.c.o
                0x0002b274                usbd_edpt_stalled
 .text.tud_control_status
                0x0002b290       0x34 c:\arduino_jol\build\libraries\Adafruit_TinyUSB_Arduino\device\usbd_control.c.o
                0x0002b290                tud_control_status
 .text.tud_control_xfer
                0x0002b2c4       0xb4 c:\arduino_jol\build\libraries\Adafruit_TinyUSB_Arduino\device\usbd_control.c.o
                0x0002b2c4                tud_control_xfer
 .text.usbd_control_reset
                0x0002b378       0x14 c:\arduino_jol\build\libraries\Adafruit_TinyUSB_Arduino\device\usbd_control.c.o
                0x0002b378                usbd_control_reset
 .text.usbd_control_set_complete_callback
                0x0002b38c        0xc c:\arduino_jol\build\libraries\Adafruit_TinyUSB_Arduino\device\usbd_control.c.o
                0x0002b38c                usbd_control_set_complete_callback
 .text.usbd_control_set_request
                0x0002b398       0x18 c:\arduino_jol\build\libraries\Adafruit_TinyUSB_Arduino\device\usbd_control.c.o
                0x0002b398                usbd_control_set_request
 .text.usbd_control_xfer_cb
                0x0002b3b0      0x118 c:\arduino_jol\build\libraries\Adafruit_TinyUSB_Arduino\device\usbd_control.c.o
                0x0002b3b0                usbd_control_xfer_cb
 .text.sd_clock_hfclk_request
                0x0002b4c8        0x4 c:\arduino_jol\build\libraries\Adafruit_TinyUSB_Arduino\portable\nordic\nrf5x\dcd_nrf5x.c.o
 .text.sd_clock_hfclk_release
                0x0002b4cc        0x4 c:\arduino_jol\build\libraries\Adafruit_TinyUSB_Arduino\portable\nordic\nrf5x\dcd_nrf5x.c.o
 .text.sd_clock_hfclk_is_running
                0x0002b4d0        0x4 c:\arduino_jol\build\libraries\Adafruit_TinyUSB_Arduino\portable\nordic\nrf5x\dcd_nrf5x.c.o
 .text.sd_softdevice_is_enabled
                0x0002b4d4        0x4 c:\arduino_jol\build\libraries\Adafruit_TinyUSB_Arduino\portable\nordic\nrf5x\dcd_nrf5x.c.o
 .text.edpt_dma_start
                0x0002b4d8       0xc8 c:\arduino_jol\build\libraries\Adafruit_TinyUSB_Arduino\portable\nordic\nrf5x\dcd_nrf5x.c.o
 .text.dcd_init
                0x0002b5a0        0x4 c:\arduino_jol\build\libraries\Adafruit_TinyUSB_Arduino\portable\nordic\nrf5x\dcd_nrf5x.c.o
                0x0002b5a0                dcd_init
 .text.dcd_int_enable
                0x0002b5a4        0xc c:\arduino_jol\build\libraries\Adafruit_TinyUSB_Arduino\portable\nordic\nrf5x\dcd_nrf5x.c.o
                0x0002b5a4                dcd_int_enable
 .text.dcd_set_address
                0x0002b5b0       0x24 c:\arduino_jol\build\libraries\Adafruit_TinyUSB_Arduino\portable\nordic\nrf5x\dcd_nrf5x.c.o
                0x0002b5b0                dcd_set_address
 .text.dcd_edpt_open
                0x0002b5d4      0x12c c:\arduino_jol\build\libraries\Adafruit_TinyUSB_Arduino\portable\nordic\nrf5x\dcd_nrf5x.c.o
                0x0002b5d4                dcd_edpt_open
 .text.dcd_edpt_close_all
                0x0002b700       0xa0 c:\arduino_jol\build\libraries\Adafruit_TinyUSB_Arduino\portable\nordic\nrf5x\dcd_nrf5x.c.o
                0x0002b700                dcd_edpt_close_all
 .text.dcd_edpt_xfer
                0x0002b7a0      0x150 c:\arduino_jol\build\libraries\Adafruit_TinyUSB_Arduino\portable\nordic\nrf5x\dcd_nrf5x.c.o
                0x0002b7a0                dcd_edpt_xfer
 .text.dcd_edpt_stall
                0x0002b8f0       0x80 c:\arduino_jol\build\libraries\Adafruit_TinyUSB_Arduino\portable\nordic\nrf5x\dcd_nrf5x.c.o
                0x0002b8f0                dcd_edpt_stall
 .text.dcd_edpt_clear_stall
                0x0002b970       0x34 c:\arduino_jol\build\libraries\Adafruit_TinyUSB_Arduino\portable\nordic\nrf5x\dcd_nrf5x.c.o
                0x0002b970                dcd_edpt_clear_stall
 .text.dcd_int_handler
                0x0002b9a4      0x640 c:\arduino_jol\build\libraries\Adafruit_TinyUSB_Arduino\portable\nordic\nrf5x\dcd_nrf5x.c.o
                0x0002b9a4                dcd_int_handler
 .text.tusb_hal_nrf_power_event
                0x0002bfe4      0x388 c:\arduino_jol\build\libraries\Adafruit_TinyUSB_Arduino\portable\nordic\nrf5x\dcd_nrf5x.c.o
                0x0002bfe4                tusb_hal_nrf_power_event
 .text._Z11initVariantv
                0x0002c36c       0x60 c:\arduino_jol\build\core\variant.cpp.o
                0x0002c36c                initVariant()
 .text          0x0002c3cc       0x54 c:\arduino_jol\build/core\core.a(gcc_startup_nrf52840.S.o)
                0x0002c3cc                Reset_Handler
                0x0002c40c                NMI_Handler
                0x0002c40e                HardFault_Handler
                0x0002c410                MemoryManagement_Handler
                0x0002c412                BusFault_Handler
                0x0002c414                UsageFault_Handler
                0x0002c418                DebugMon_Handler
                0x0002c41c                SysTick_Handler
                0x0002c41e                SWI0_EGU0_IRQHandler
                0x0002c41e                RADIO_IRQHandler
                0x0002c41e                PWM1_IRQHandler
                0x0002c41e                GPIOTE_IRQHandler
                0x0002c41e                TEMP_IRQHandler
                0x0002c41e                QDEC_IRQHandler
                0x0002c41e                TIMER3_IRQHandler
                0x0002c41e                PWM3_IRQHandler
                0x0002c41e                FPU_IRQHandler
                0x0002c41e                PDM_IRQHandler
                0x0002c41e                UARTE0_UART0_IRQHandler
                0x0002c41e                TIMER4_IRQHandler
                0x0002c41e                CRYPTOCELL_IRQHandler
                0x0002c41e                RTC0_IRQHandler
                0x0002c41e                SWI4_EGU4_IRQHandler
                0x0002c41e                TIMER0_IRQHandler
                0x0002c41e                SWI2_EGU2_IRQHandler
                0x0002c41e                UARTE1_IRQHandler
                0x0002c41e                TIMER1_IRQHandler
                0x0002c41e                SPIM3_IRQHandler
                0x0002c41e                PWM2_IRQHandler
                0x0002c41e                ECB_IRQHandler
                0x0002c41e                Default_Handler
                0x0002c41e                SAADC_IRQHandler
                0x0002c41e                CCM_AAR_IRQHandler
                0x0002c41e                WDT_IRQHandler
                0x0002c41e                SWI5_EGU5_IRQHandler
                0x0002c41e                RNG_IRQHandler
                0x0002c41e                RTC2_IRQHandler
                0x0002c41e                PWM0_IRQHandler
                0x0002c41e                SWI3_EGU3_IRQHandler
                0x0002c41e                SWI1_EGU1_IRQHandler
                0x0002c41e                SPIM2_SPIS2_SPI2_IRQHandler
                0x0002c41e                NFCT_IRQHandler
                0x0002c41e                I2S_IRQHandler
                0x0002c41e                MWU_IRQHandler
                0x0002c41e                TIMER2_IRQHandler
                0x0002c41e                QSPI_IRQHandler
                0x0002c41e                COMP_LPCOMP_IRQHandler
 .text.millis   0x0002c420       0x18 c:\arduino_jol\build/core\core.a(delay.c.o)
                0x0002c420                millis
 .text.delay    0x0002c438       0x38 c:\arduino_jol\build/core\core.a(delay.c.o)
                0x0002c438                delay
 .text.xQueueGenericCreateStatic
                0x0002c470       0x60 c:\arduino_jol\build/core\core.a(queue.c.o)
                0x0002c470                xQueueGenericCreateStatic
 .text.xQueueGenericCreate
                0x0002c4d0       0x84 c:\arduino_jol\build/core\core.a(queue.c.o)
                0x0002c4d0                xQueueGenericCreate
 .text.xQueueGenericSend
                0x0002c554      0x360 c:\arduino_jol\build/core\core.a(queue.c.o)
                0x0002c554                xQueueGenericSend
 .text.xQueueCreateMutexStatic
                0x0002c8b4       0x6c c:\arduino_jol\build/core\core.a(queue.c.o)
                0x0002c8b4                xQueueCreateMutexStatic
 .text.xQueueGenericSendFromISR
                0x0002c920       0xfc c:\arduino_jol\build/core\core.a(queue.c.o)
                0x0002c920                xQueueGenericSendFromISR
 .text.xQueueReceive
                0x0002ca1c      0x2b8 c:\arduino_jol\build/core\core.a(queue.c.o)
                0x0002ca1c                xQueueReceive
 .text.xQueueSemaphoreTake
                0x0002ccd4      0x2f8 c:\arduino_jol\build/core\core.a(queue.c.o)
                0x0002ccd4                xQueueSemaphoreTake
 .text.vQueueAddToRegistry
                0x0002cfcc       0x24 c:\arduino_jol\build/core\core.a(queue.c.o)
                0x0002cfcc                vQueueAddToRegistry
 .text.vQueueWaitForMessageRestricted
                0x0002cff0       0xcc c:\arduino_jol\build/core\core.a(queue.c.o)
                0x0002cff0                vQueueWaitForMessageRestricted
 .text.prvAddNewTaskToReadyList
                0x0002d0bc      0x124 c:\arduino_jol\build/core\core.a(tasks.c.o)
 .text.xTaskCreateStatic
                0x0002d1e0       0xe0 c:\arduino_jol\build/core\core.a(tasks.c.o)
                0x0002d1e0                xTaskCreateStatic
 .text.xTaskCreate
                0x0002d2c0       0xf0 c:\arduino_jol\build/core\core.a(tasks.c.o)
                0x0002d2c0                xTaskCreate
 .text.vTaskStartScheduler
                0x0002d3b0       0xcc c:\arduino_jol\build/core\core.a(tasks.c.o)
                0x0002d3b0                vTaskStartScheduler
 .text.vTaskSuspendAll
                0x0002d47c       0x10 c:\arduino_jol\build/core\core.a(tasks.c.o)
                0x0002d47c                vTaskSuspendAll
 .text.xTaskGetTickCount
                0x0002d48c        0xc c:\arduino_jol\build/core\core.a(tasks.c.o)
                0x0002d48c                xTaskGetTickCount
 .text.vTaskStepTick
                0x0002d498       0x10 c:\arduino_jol\build/core\core.a(tasks.c.o)
                0x0002d498                vTaskStepTick
 .text.xTaskIncrementTick
                0x0002d4a8      0x134 c:\arduino_jol\build/core\core.a(tasks.c.o)
                0x0002d4a8                xTaskIncrementTick
 .text.xTaskResumeAll
                0x0002d5dc      0x120 c:\arduino_jol\build/core\core.a(tasks.c.o)
                0x0002d5dc                xTaskResumeAll
 .text.vTaskDelay
                0x0002d6fc       0x84 c:\arduino_jol\build/core\core.a(tasks.c.o)
                0x0002d6fc                vTaskDelay
 .text.prvIdleTask
                0x0002d780      0x118 c:\arduino_jol\build/core\core.a(tasks.c.o)
 .text.vTaskSwitchContext
                0x0002d898       0xbc c:\arduino_jol\build/core\core.a(tasks.c.o)
                0x0002d898                vTaskSwitchContext
 .text.vTaskPlaceOnEventList
                0x0002d954       0x78 c:\arduino_jol\build/core\core.a(tasks.c.o)
                0x0002d954                vTaskPlaceOnEventList
 .text.vTaskPlaceOnEventListRestricted
                0x0002d9cc       0x80 c:\arduino_jol\build/core\core.a(tasks.c.o)
                0x0002d9cc                vTaskPlaceOnEventListRestricted
 .text.xTaskRemoveFromEventList
                0x0002da4c       0xa4 c:\arduino_jol\build/core\core.a(tasks.c.o)
                0x0002da4c                xTaskRemoveFromEventList
 .text.vTaskInternalSetTimeOutState
                0x0002daf0       0x18 c:\arduino_jol\build/core\core.a(tasks.c.o)
                0x0002daf0                vTaskInternalSetTimeOutState
 .text.xTaskCheckForTimeOut
                0x0002db08       0x68 c:\arduino_jol\build/core\core.a(tasks.c.o)
                0x0002db08                xTaskCheckForTimeOut
 .text.vTaskMissedYield
                0x0002db70        0xc c:\arduino_jol\build/core\core.a(tasks.c.o)
                0x0002db70                vTaskMissedYield
 .text.eTaskConfirmSleepModeStatus
                0x0002db7c       0x38 c:\arduino_jol\build/core\core.a(tasks.c.o)
                0x0002db7c                eTaskConfirmSleepModeStatus
 .text.xTaskGetSchedulerState
                0x0002dbb4       0x20 c:\arduino_jol\build/core\core.a(tasks.c.o)
                0x0002dbb4                xTaskGetSchedulerState
 .text.xTaskPriorityInherit
                0x0002dbd4       0x8c c:\arduino_jol\build/core\core.a(tasks.c.o)
                0x0002dbd4                xTaskPriorityInherit
 .text.xTaskPriorityDisinherit
                0x0002dc60       0x60 c:\arduino_jol\build/core\core.a(tasks.c.o)
                0x0002dc60                xTaskPriorityDisinherit
 .text.vTaskPriorityDisinheritAfterTimeout
                0x0002dcc0       0x74 c:\arduino_jol\build/core\core.a(tasks.c.o)
                0x0002dcc0                vTaskPriorityDisinheritAfterTimeout
 .text.pvTaskIncrementMutexHeldCount
                0x0002dd34       0x18 c:\arduino_jol\build/core\core.a(tasks.c.o)
                0x0002dd34                pvTaskIncrementMutexHeldCount
 .text.prvSwitchTimerLists
                0x0002dd4c       0x88 c:\arduino_jol\build/core\core.a(timers.c.o)
 .text.prvTimerTask
                0x0002ddd4      0x240 c:\arduino_jol\build/core\core.a(timers.c.o)
 .text.xTimerCreateTimerTask
                0x0002e014       0xac c:\arduino_jol\build/core\core.a(timers.c.o)
                0x0002e014                xTimerCreateTimerTask
 .text.prvTaskExitError
                0x0002e0c0        0x8 c:\arduino_jol\build/core\core.a(port_cmsis.c.o)
 .text.pxPortInitialiseStack
                0x0002e0c8       0x2c c:\arduino_jol\build/core\core.a(port_cmsis.c.o)
                0x0002e0c8                pxPortInitialiseStack
 .text.xPortStartScheduler
                0x0002e0f4       0x4c c:\arduino_jol\build/core\core.a(port_cmsis.c.o)
                0x0002e0f4                xPortStartScheduler
 .text.vPortEnterCritical
                0x0002e140       0x14 c:\arduino_jol\build/core\core.a(port_cmsis.c.o)
                0x0002e140                vPortEnterCritical
 .text.vPortExitCritical
                0x0002e154       0x14 c:\arduino_jol\build/core\core.a(port_cmsis.c.o)
                0x0002e154                vPortExitCritical
 .text.sd_app_evt_wait
                0x0002e168        0x4 c:\arduino_jol\build/core\core.a(port_cmsis_systick.c.o)
 .text.sd_softdevice_is_enabled
                0x0002e16c        0x4 c:\arduino_jol\build/core\core.a(port_cmsis_systick.c.o)
 .text.RTC1_IRQHandler
                0x0002e170       0x88 c:\arduino_jol\build/core\core.a(port_cmsis_systick.c.o)
                0x0002e170                RTC1_IRQHandler
 .text.vPortSetupTimerInterrupt
                0x0002e1f8       0x3c c:\arduino_jol\build/core\core.a(port_cmsis_systick.c.o)
                0x0002e1f8                vPortSetupTimerInterrupt
 .text.vPortSuppressTicksAndSleep
                0x0002e234      0x1c8 c:\arduino_jol\build/core\core.a(port_cmsis_systick.c.o)
                0x0002e234                vPortSuppressTicksAndSleep
 .text.vPortStartFirstTask
                0x0002e3fc       0x24 c:\arduino_jol\build/core\core.a(port.c.o)
                0x0002e3fc                vPortStartFirstTask
 .text.SVC_Handler
                0x0002e420       0x20 c:\arduino_jol\build/core\core.a(port.c.o)
                0x0002e420                SVC_Handler
 .text.PendSV_Handler
                0x0002e440       0x60 c:\arduino_jol\build/core\core.a(port.c.o)
                0x0002e440                PendSV_Handler
 .text.__empty  0x0002e4a0        0x4 c:\arduino_jol\build/core\core.a(hooks.c.o)
                0x0002e4a0                vApplicationIdleHook
 .text.nrfx_power_init
                0x0002e4a4       0x58 c:\arduino_jol\build/core\core.a(nrfx_power.c.o)
                0x0002e4a4                nrfx_power_init
 .text.nrfx_power_usbevt_init
                0x0002e4fc       0x18 c:\arduino_jol\build/core\core.a(nrfx_power.c.o)
                0x0002e4fc                nrfx_power_usbevt_init
 .text.nrfx_power_usbevt_enable
                0x0002e514       0x10 c:\arduino_jol\build/core\core.a(nrfx_power.c.o)
                0x0002e514                nrfx_power_usbevt_enable
 .text.POWER_CLOCK_IRQHandler
                0x0002e524       0xec c:\arduino_jol\build/core\core.a(nrfx_power.c.o)
                0x0002e524                POWER_CLOCK_IRQHandler
 .text.SystemInit
                0x0002e610      0x170 c:\arduino_jol\build/core\core.a(system_nrf52.c.o)
                0x0002e610                SystemInit
 .text.__NVIC_SystemReset
                0x0002e780       0x24 c:\arduino_jol\build/core\core.a(wiring.c.o)
 .text.init     0x0002e7a4       0x80 c:\arduino_jol\build/core\core.a(wiring.c.o)
                0x0002e7a4                init
 .text.enterSerialDfu
                0x0002e824       0x10 c:\arduino_jol\build/core\core.a(wiring.c.o)
                0x0002e824                enterSerialDfu
 .text.analogRead_internal
                0x0002e834      0x14c c:\arduino_jol\build/core\core.a(wiring_analog_nRF52.c.o)
 .text.analogRead
                0x0002e980       0x5c c:\arduino_jol\build/core\core.a(wiring_analog_nRF52.c.o)
                0x0002e980                analogRead
 .text.pinMode  0x0002e9dc      0x108 c:\arduino_jol\build/core\core.a(wiring_digital.c.o)
                0x0002e9dc                pinMode
 .text.digitalWrite
                0x0002eae4       0x3c c:\arduino_jol\build/core\core.a(wiring_digital.c.o)
                0x0002eae4                digitalWrite
 .text._ZN5Print5writeEPKhj
                0x0002eb20       0x2c c:\arduino_jol\build/core\core.a(Print.cpp.o)
                0x0002eb20                Print::write(unsigned char const*, unsigned int)
 .text._ZN5Print5printEPKc
                0x0002eb4c       0x5c c:\arduino_jol\build/core\core.a(Print.cpp.o)
                0x0002eb4c                Print::print(char const*)
 .text._ZN5Print5printEdi
                0x0002eba8       0x60 c:\arduino_jol\build/core\core.a(Print.cpp.o)
                0x0002eba8                Print::print(double, int)
 .text._ZN5Print7printlnEPKc
                0x0002ec08       0xa0 c:\arduino_jol\build/core\core.a(Print.cpp.o)
                0x0002ec08                Print::println(char const*)
 .text._ZN5Print11printNumberEmh
                0x0002eca8       0x88 c:\arduino_jol\build/core\core.a(Print.cpp.o)
                0x0002eca8                Print::printNumber(unsigned long, unsigned char)
 .text._ZN5Print5printEli
                0x0002ed30       0x44 c:\arduino_jol\build/core\core.a(Print.cpp.o)
                0x0002ed30                Print::print(long, int)
 .text._ZN5Print7printlnEii
                0x0002ed74       0x4c c:\arduino_jol\build/core\core.a(Print.cpp.o)
                0x0002ed74                Print::println(int, int)
 .text._ZN5Print5printEii
                0x0002edc0       0x44 c:\arduino_jol\build/core\core.a(Print.cpp.o)
                0x0002edc0                Print::print(int, int)
 .text._ZN10RingBufferC2Ev
                0x0002ee04       0x18 c:\arduino_jol\build/core\core.a(RingBuffer.cpp.o)
                0x0002ee04                RingBuffer::RingBuffer()
                0x0002ee04                RingBuffer::RingBuffer()
 .text._ZN10RingBuffer10store_charEh
                0x0002ee1c       0x1c c:\arduino_jol\build/core\core.a(RingBuffer.cpp.o)
                0x0002ee1c                RingBuffer::store_char(unsigned char)
 .text._ZN10RingBuffer5clearEv
                0x0002ee38        0x8 c:\arduino_jol\build/core\core.a(RingBuffer.cpp.o)
                0x0002ee38                RingBuffer::clear()
 .text._ZN10RingBuffer9read_charEv
                0x0002ee40       0x1c c:\arduino_jol\build/core\core.a(RingBuffer.cpp.o)
                0x0002ee40                RingBuffer::read_char()
 .text._ZN10RingBuffer9availableEv
                0x0002ee5c        0xc c:\arduino_jol\build/core\core.a(RingBuffer.cpp.o)
                0x0002ee5c                RingBuffer::available()
 .text._ZN10RingBuffer4peekEv
                0x0002ee68       0x10 c:\arduino_jol\build/core\core.a(RingBuffer.cpp.o)
                0x0002ee68                RingBuffer::peek()
 .text._ZN10RingBuffer6isFullEv
                0x0002ee78       0x14 c:\arduino_jol\build/core\core.a(RingBuffer.cpp.o)
                0x0002ee78                RingBuffer::isFull()
 .text._ZL9loop_taskPv
                0x0002ee8c       0x5c c:\arduino_jol\build/core\core.a(main.cpp.o)
 .text.startup.main
                0x0002eee8       0x5c c:\arduino_jol\build/core\core.a(main.cpp.o)
                0x0002eee8                main
 .text.yield    0x0002ef44       0x20 c:\arduino_jol\build/core\core.a(rtos.cpp.o)
                0x0002ef44                yield
 .text.vApplicationStackOverflowHook
                0x0002ef64        0x4 c:\arduino_jol\build/core\core.a(rtos.cpp.o)
                0x0002ef64                vApplicationStackOverflowHook
 .text.vApplicationMallocFailedHook
                0x0002ef68        0x4 c:\arduino_jol\build/core\core.a(rtos.cpp.o)
                0x0002ef68                vApplicationMallocFailedHook
 .text.vApplicationGetIdleTaskMemory
                0x0002ef6c       0x1c c:\arduino_jol\build/core\core.a(rtos.cpp.o)
                0x0002ef6c                vApplicationGetIdleTaskMemory
 .text.vApplicationGetTimerTaskMemory
                0x0002ef88       0x20 c:\arduino_jol\build/core\core.a(rtos.cpp.o)
                0x0002ef88                vApplicationGetTimerTaskMemory
 .text.vListInitialise
                0x0002efa8       0x18 c:\arduino_jol\build/core\core.a(list.c.o)
                0x0002efa8                vListInitialise
 .text.vListInitialiseItem
                0x0002efc0        0x8 c:\arduino_jol\build/core\core.a(list.c.o)
                0x0002efc0                vListInitialiseItem
 .text.vListInsertEnd
                0x0002efc8       0x20 c:\arduino_jol\build/core\core.a(list.c.o)
                0x0002efc8                vListInsertEnd
 .text.vListInsert
                0x0002efe8       0x30 c:\arduino_jol\build/core\core.a(list.c.o)
                0x0002efe8                vListInsert
 .text.uxListRemove
                0x0002f018       0x28 c:\arduino_jol\build/core\core.a(list.c.o)
                0x0002f018                uxListRemove
 .text.__wrap_malloc
                0x0002f040       0x34 c:\arduino_jol\build/core\core.a(heap_3.c.o)
                0x0002f040                __wrap_malloc
 .text.__wrap_free
                0x0002f074       0x2c c:\arduino_jol\build/core\core.a(heap_3.c.o)
                0x0002f074                __wrap_free
 .text.pvPortMalloc
                0x0002f0a0       0x28 c:\arduino_jol\build/core\core.a(heap_3.c.o)
                0x0002f0a0                pvPortMalloc
 .text.vPortFree
                0x0002f0c8       0x1c c:\arduino_jol\build/core\core.a(heap_3.c.o)
                0x0002f0c8                vPortFree
 .text.adafruit_callback_task
                0x0002f0e4       0x84 c:\arduino_jol\build/core\core.a(AdaCallback.c.o)
                0x0002f0e4                adafruit_callback_task
 .text.ada_callback_init
                0x0002f168       0x48 c:\arduino_jol\build/core\core.a(AdaCallback.c.o)
                0x0002f168                ada_callback_init
 .text.__aeabi_atexit
                0x0002f1b0        0xa c:/users/soong/appdata/local/arduino15/packages/seeeduino/tools/arm-none-eabi-gcc/9-2019q4/bin/../lib/gcc/arm-none-eabi/9.2.1/../../../../arm-none-eabi/lib/thumb/v7e-m+fp/hard\libstdc++_nano.a(atexit_arm.o)
                0x0002f1b0                __aeabi_atexit
 *fill*         0x0002f1ba        0x2 
 .text          0x0002f1bc      0x378 c:/users/soong/appdata/local/arduino15/packages/seeeduino/tools/arm-none-eabi-gcc/9-2019q4/bin/../lib/gcc/arm-none-eabi/9.2.1/thumb/v7e-m+fp/hard\libgcc.a(_arm_addsubdf3.o)
                0x0002f1bc                __aeabi_drsub
                0x0002f1c4                __aeabi_dsub
                0x0002f1c4                __subdf3
                0x0002f1c8                __aeabi_dadd
                0x0002f1c8                __adddf3
                0x0002f440                __floatunsidf
                0x0002f440                __aeabi_ui2d
                0x0002f460                __floatsidf
                0x0002f460                __aeabi_i2d
                0x0002f484                __aeabi_f2d
                0x0002f484                __extendsfdf2
                0x0002f4c8                __floatundidf
                0x0002f4c8                __aeabi_ul2d
                0x0002f4d8                __floatdidf
                0x0002f4d8                __aeabi_l2d
 .text          0x0002f534       0xa0 c:/users/soong/appdata/local/arduino15/packages/seeeduino/tools/arm-none-eabi-gcc/9-2019q4/bin/../lib/gcc/arm-none-eabi/9.2.1/thumb/v7e-m+fp/hard\libgcc.a(_arm_truncdfsf2.o)
                0x0002f534                __truncdfsf2
                0x0002f534                __aeabi_d2f
 .text          0x0002f5d4       0x30 c:/users/soong/appdata/local/arduino15/packages/seeeduino/tools/arm-none-eabi-gcc/9-2019q4/bin/../lib/gcc/arm-none-eabi/9.2.1/thumb/v7e-m+fp/hard\libgcc.a(_aeabi_uldivmod.o)
                0x0002f5d4                __aeabi_uldivmod
 .text          0x0002f604      0x2c4 c:/users/soong/appdata/local/arduino15/packages/seeeduino/tools/arm-none-eabi-gcc/9-2019q4/bin/../lib/gcc/arm-none-eabi/9.2.1/thumb/v7e-m+fp/hard\libgcc.a(_udivmoddi4.o)
                0x0002f604                __udivmoddi4
 .text          0x0002f8c8        0x4 c:/users/soong/appdata/local/arduino15/packages/seeeduino/tools/arm-none-eabi-gcc/9-2019q4/bin/../lib/gcc/arm-none-eabi/9.2.1/thumb/v7e-m+fp/hard\libgcc.a(_dvmd_tls.o)
                0x0002f8c8                __aeabi_idiv0
                0x0002f8c8                __aeabi_ldiv0
 .text.__cxa_atexit
                0x0002f8cc       0x1c c:/users/soong/appdata/local/arduino15/packages/seeeduino/tools/arm-none-eabi-gcc/9-2019q4/bin/../lib/gcc/arm-none-eabi/9.2.1/../../../../arm-none-eabi/lib/thumb/v7e-m+fp/hard\libc_nano.a(lib_a-cxa_atexit.o)
                0x0002f8cc                __cxa_atexit
 .text.exit     0x0002f8e8       0x28 c:/users/soong/appdata/local/arduino15/packages/seeeduino/tools/arm-none-eabi-gcc/9-2019q4/bin/../lib/gcc/arm-none-eabi/9.2.1/../../../../arm-none-eabi/lib/thumb/v7e-m+fp/hard\libc_nano.a(lib_a-exit.o)
                0x0002f8e8                exit
 .text.__libc_init_array
                0x0002f910       0x48 c:/users/soong/appdata/local/arduino15/packages/seeeduino/tools/arm-none-eabi-gcc/9-2019q4/bin/../lib/gcc/arm-none-eabi/9.2.1/../../../../arm-none-eabi/lib/thumb/v7e-m+fp/hard\libc_nano.a(lib_a-init.o)
                0x0002f910                __libc_init_array
 .text.malloc   0x0002f958       0x10 c:/users/soong/appdata/local/arduino15/packages/seeeduino/tools/arm-none-eabi-gcc/9-2019q4/bin/../lib/gcc/arm-none-eabi/9.2.1/../../../../arm-none-eabi/lib/thumb/v7e-m+fp/hard\libc_nano.a(lib_a-malloc.o)
                0x0002f958                malloc
 .text.free     0x0002f968       0x10 c:/users/soong/appdata/local/arduino15/packages/seeeduino/tools/arm-none-eabi-gcc/9-2019q4/bin/../lib/gcc/arm-none-eabi/9.2.1/../../../../arm-none-eabi/lib/thumb/v7e-m+fp/hard\libc_nano.a(lib_a-malloc.o)
                0x0002f968                free
 .text.memcpy   0x0002f978       0x1c c:/users/soong/appdata/local/arduino15/packages/seeeduino/tools/arm-none-eabi-gcc/9-2019q4/bin/../lib/gcc/arm-none-eabi/9.2.1/../../../../arm-none-eabi/lib/thumb/v7e-m+fp/hard\libc_nano.a(lib_a-memcpy-stub.o)
                0x0002f978                memcpy
 .text.memmove  0x0002f994       0x34 c:/users/soong/appdata/local/arduino15/packages/seeeduino/tools/arm-none-eabi-gcc/9-2019q4/bin/../lib/gcc/arm-none-eabi/9.2.1/../../../../arm-none-eabi/lib/thumb/v7e-m+fp/hard\libc_nano.a(lib_a-memmove.o)
                0x0002f994                memmove
 .text.memset   0x0002f9c8       0x10 c:/users/soong/appdata/local/arduino15/packages/seeeduino/tools/arm-none-eabi-gcc/9-2019q4/bin/../lib/gcc/arm-none-eabi/9.2.1/../../../../arm-none-eabi/lib/thumb/v7e-m+fp/hard\libc_nano.a(lib_a-memset.o)
                0x0002f9c8                memset
 .text._free_r  0x0002f9d8       0xa0 c:/users/soong/appdata/local/arduino15/packages/seeeduino/tools/arm-none-eabi-gcc/9-2019q4/bin/../lib/gcc/arm-none-eabi/9.2.1/../../../../arm-none-eabi/lib/thumb/v7e-m+fp/hard\libc_nano.a(lib_a-nano-freer.o)
                0x0002f9d8                _free_r
 .text._malloc_r
                0x0002fa78       0xb4 c:/users/soong/appdata/local/arduino15/packages/seeeduino/tools/arm-none-eabi-gcc/9-2019q4/bin/../lib/gcc/arm-none-eabi/9.2.1/../../../../arm-none-eabi/lib/thumb/v7e-m+fp/hard\libc_nano.a(lib_a-nano-mallocr.o)
                0x0002fa78                _malloc_r
 .text.__cvt    0x0002fb2c       0xc4 c:/users/soong/appdata/local/arduino15/packages/seeeduino/tools/arm-none-eabi-gcc/9-2019q4/bin/../lib/gcc/arm-none-eabi/9.2.1/../../../../arm-none-eabi/lib/thumb/v7e-m+fp/hard\libc_nano.a(lib_a-nano-vfprintf_float.o)
                0x0002fb2c                __cvt
 .text.__exponent
                0x0002fbf0       0x7c c:/users/soong/appdata/local/arduino15/packages/seeeduino/tools/arm-none-eabi-gcc/9-2019q4/bin/../lib/gcc/arm-none-eabi/9.2.1/../../../../arm-none-eabi/lib/thumb/v7e-m+fp/hard\libc_nano.a(lib_a-nano-vfprintf_float.o)
                0x0002fbf0                __exponent
 .text._printf_float
                0x0002fc6c      0x46c c:/users/soong/appdata/local/arduino15/packages/seeeduino/tools/arm-none-eabi-gcc/9-2019q4/bin/../lib/gcc/arm-none-eabi/9.2.1/../../../../arm-none-eabi/lib/thumb/v7e-m+fp/hard\libc_nano.a(lib_a-nano-vfprintf_float.o)
                0x0002fc6c                _printf_float
 .text._printf_common
                0x000300d8       0xda c:/users/soong/appdata/local/arduino15/packages/seeeduino/tools/arm-none-eabi-gcc/9-2019q4/bin/../lib/gcc/arm-none-eabi/9.2.1/../../../../arm-none-eabi/lib/thumb/v7e-m+fp/hard\libc_nano.a(lib_a-nano-vfprintf_i.o)
                0x000300d8                _printf_common
 *fill*         0x000301b2        0x2 
 .text._printf_i
                0x000301b4      0x24c c:/users/soong/appdata/local/arduino15/packages/seeeduino/tools/arm-none-eabi-gcc/9-2019q4/bin/../lib/gcc/arm-none-eabi/9.2.1/../../../../arm-none-eabi/lib/thumb/v7e-m+fp/hard\libc_nano.a(lib_a-nano-vfprintf_i.o)
                0x000301b4                _printf_i
 .text._sbrk_r  0x00030400       0x20 c:/users/soong/appdata/local/arduino15/packages/seeeduino/tools/arm-none-eabi-gcc/9-2019q4/bin/../lib/gcc/arm-none-eabi/9.2.1/../../../../arm-none-eabi/lib/thumb/v7e-m+fp/hard\libc_nano.a(lib_a-sbrkr.o)
                0x00030400                _sbrk_r
 .text.snprintf
                0x00030420       0x68 c:/users/soong/appdata/local/arduino15/packages/seeeduino/tools/arm-none-eabi-gcc/9-2019q4/bin/../lib/gcc/arm-none-eabi/9.2.1/../../../../arm-none-eabi/lib/thumb/v7e-m+fp/hard\libc_nano.a(lib_a-snprintf.o)
                0x00030420                sniprintf
                0x00030420                snprintf
 .text          0x00030488       0x10 c:/users/soong/appdata/local/arduino15/packages/seeeduino/tools/arm-none-eabi-gcc/9-2019q4/bin/../lib/gcc/arm-none-eabi/9.2.1/../../../../arm-none-eabi/lib/thumb/v7e-m+fp/hard\libc_nano.a(lib_a-strlen.o)
                0x00030488                strlen
 .text.quorem   0x00030498      0x116 c:/users/soong/appdata/local/arduino15/packages/seeeduino/tools/arm-none-eabi-gcc/9-2019q4/bin/../lib/gcc/arm-none-eabi/9.2.1/../../../../arm-none-eabi/lib/thumb/v7e-m+fp/hard\libc_nano.a(lib_a-dtoa.o)
 *fill*         0x000305ae        0x2 
 .text._dtoa_r  0x000305b0      0xbbc c:/users/soong/appdata/local/arduino15/packages/seeeduino/tools/arm-none-eabi-gcc/9-2019q4/bin/../lib/gcc/arm-none-eabi/9.2.1/../../../../arm-none-eabi/lib/thumb/v7e-m+fp/hard\libc_nano.a(lib_a-dtoa.o)
                0x000305b0                _dtoa_r
 .text._localeconv_r
                0x0003116c        0x8 c:/users/soong/appdata/local/arduino15/packages/seeeduino/tools/arm-none-eabi-gcc/9-2019q4/bin/../lib/gcc/arm-none-eabi/9.2.1/../../../../arm-none-eabi/lib/thumb/v7e-m+fp/hard\libc_nano.a(lib_a-localeconv.o)
                0x0003116c                _localeconv_r
 *fill*         0x00031174        0xc 
 .text          0x00031180       0xa0 c:/users/soong/appdata/local/arduino15/packages/seeeduino/tools/arm-none-eabi-gcc/9-2019q4/bin/../lib/gcc/arm-none-eabi/9.2.1/../../../../arm-none-eabi/lib/thumb/v7e-m+fp/hard\libc_nano.a(lib_a-memchr.o)
                0x00031180                memchr
 .text.__malloc_lock
                0x00031220        0xc c:/users/soong/appdata/local/arduino15/packages/seeeduino/tools/arm-none-eabi-gcc/9-2019q4/bin/../lib/gcc/arm-none-eabi/9.2.1/../../../../arm-none-eabi/lib/thumb/v7e-m+fp/hard\libc_nano.a(lib_a-mlock.o)
                0x00031220                __malloc_lock
 .text.__malloc_unlock
                0x0003122c        0xc c:/users/soong/appdata/local/arduino15/packages/seeeduino/tools/arm-none-eabi-gcc/9-2019q4/bin/../lib/gcc/arm-none-eabi/9.2.1/../../../../arm-none-eabi/lib/thumb/v7e-m+fp/hard\libc_nano.a(lib_a-mlock.o)
                0x0003122c                __malloc_unlock
 .text._Balloc  0x00031238       0x68 c:/users/soong/appdata/local/arduino15/packages/seeeduino/tools/arm-none-eabi-gcc/9-2019q4/bin/../lib/gcc/arm-none-eabi/9.2.1/../../../../arm-none-eabi/lib/thumb/v7e-m+fp/hard\libc_nano.a(lib_a-mprec.o)
                0x00031238                _Balloc
 .text._Bfree   0x000312a0       0x2e c:/users/soong/appdata/local/arduino15/packages/seeeduino/tools/arm-none-eabi-gcc/9-2019q4/bin/../lib/gcc/arm-none-eabi/9.2.1/../../../../arm-none-eabi/lib/thumb/v7e-m+fp/hard\libc_nano.a(lib_a-mprec.o)
                0x000312a0                _Bfree
 .text.__multadd
                0x000312ce       0x7c c:/users/soong/appdata/local/arduino15/packages/seeeduino/tools/arm-none-eabi-gcc/9-2019q4/bin/../lib/gcc/arm-none-eabi/9.2.1/../../../../arm-none-eabi/lib/thumb/v7e-m+fp/hard\libc_nano.a(lib_a-mprec.o)
                0x000312ce                __multadd
 .text.__hi0bits
                0x0003134a       0x40 c:/users/soong/appdata/local/arduino15/packages/seeeduino/tools/arm-none-eabi-gcc/9-2019q4/bin/../lib/gcc/arm-none-eabi/9.2.1/../../../../arm-none-eabi/lib/thumb/v7e-m+fp/hard\libc_nano.a(lib_a-mprec.o)
                0x0003134a                __hi0bits
 .text.__lo0bits
                0x0003138a       0x60 c:/users/soong/appdata/local/arduino15/packages/seeeduino/tools/arm-none-eabi-gcc/9-2019q4/bin/../lib/gcc/arm-none-eabi/9.2.1/../../../../arm-none-eabi/lib/thumb/v7e-m+fp/hard\libc_nano.a(lib_a-mprec.o)
                0x0003138a                __lo0bits
 .text.__i2b    0x000313ea       0x12 c:/users/soong/appdata/local/arduino15/packages/seeeduino/tools/arm-none-eabi-gcc/9-2019q4/bin/../lib/gcc/arm-none-eabi/9.2.1/../../../../arm-none-eabi/lib/thumb/v7e-m+fp/hard\libc_nano.a(lib_a-mprec.o)
                0x000313ea                __i2b
 .text.__multiply
                0x000313fc      0x138 c:/users/soong/appdata/local/arduino15/packages/seeeduino/tools/arm-none-eabi-gcc/9-2019q4/bin/../lib/gcc/arm-none-eabi/9.2.1/../../../../arm-none-eabi/lib/thumb/v7e-m+fp/hard\libc_nano.a(lib_a-mprec.o)
                0x000313fc                __multiply
 .text.__pow5mult
                0x00031534       0x9c c:/users/soong/appdata/local/arduino15/packages/seeeduino/tools/arm-none-eabi-gcc/9-2019q4/bin/../lib/gcc/arm-none-eabi/9.2.1/../../../../arm-none-eabi/lib/thumb/v7e-m+fp/hard\libc_nano.a(lib_a-mprec.o)
                0x00031534                __pow5mult
 .text.__lshift
                0x000315d0       0xbe c:/users/soong/appdata/local/arduino15/packages/seeeduino/tools/arm-none-eabi-gcc/9-2019q4/bin/../lib/gcc/arm-none-eabi/9.2.1/../../../../arm-none-eabi/lib/thumb/v7e-m+fp/hard\libc_nano.a(lib_a-mprec.o)
                0x000315d0                __lshift
 .text.__mcmp   0x0003168e       0x38 c:/users/soong/appdata/local/arduino15/packages/seeeduino/tools/arm-none-eabi-gcc/9-2019q4/bin/../lib/gcc/arm-none-eabi/9.2.1/../../../../arm-none-eabi/lib/thumb/v7e-m+fp/hard\libc_nano.a(lib_a-mprec.o)
                0x0003168e                __mcmp
 .text.__mdiff  0x000316c6       0xec c:/users/soong/appdata/local/arduino15/packages/seeeduino/tools/arm-none-eabi-gcc/9-2019q4/bin/../lib/gcc/arm-none-eabi/9.2.1/../../../../arm-none-eabi/lib/thumb/v7e-m+fp/hard\libc_nano.a(lib_a-mprec.o)
                0x000316c6                __mdiff
 .text.__d2b    0x000317b2       0xa0 c:/users/soong/appdata/local/arduino15/packages/seeeduino/tools/arm-none-eabi-gcc/9-2019q4/bin/../lib/gcc/arm-none-eabi/9.2.1/../../../../arm-none-eabi/lib/thumb/v7e-m+fp/hard\libc_nano.a(lib_a-mprec.o)
                0x000317b2                __d2b
 .text._calloc_r
                0x00031852       0x1e c:/users/soong/appdata/local/arduino15/packages/seeeduino/tools/arm-none-eabi-gcc/9-2019q4/bin/../lib/gcc/arm-none-eabi/9.2.1/../../../../arm-none-eabi/lib/thumb/v7e-m+fp/hard\libc_nano.a(lib_a-nano-callocr.o)
                0x00031852                _calloc_r
 .text.__ssputs_r
                0x00031870       0xb6 c:/users/soong/appdata/local/arduino15/packages/seeeduino/tools/arm-none-eabi-gcc/9-2019q4/bin/../lib/gcc/arm-none-eabi/9.2.1/../../../../arm-none-eabi/lib/thumb/v7e-m+fp/hard\libc_nano.a(lib_a-nano-svfprintf.o)
                0x00031870                __ssputs_r
 *fill*         0x00031926        0x2 
 .text._svfprintf_r
                0x00031928      0x200 c:/users/soong/appdata/local/arduino15/packages/seeeduino/tools/arm-none-eabi-gcc/9-2019q4/bin/../lib/gcc/arm-none-eabi/9.2.1/../../../../arm-none-eabi/lib/thumb/v7e-m+fp/hard\libc_nano.a(lib_a-nano-svfprintf.o)
                0x00031928                _svfiprintf_r
                0x00031928                _svfprintf_r
 .text.__retarget_lock_acquire_recursive
                0x00031b28        0x2 c:/users/soong/appdata/local/arduino15/packages/seeeduino/tools/arm-none-eabi-gcc/9-2019q4/bin/../lib/gcc/arm-none-eabi/9.2.1/../../../../arm-none-eabi/lib/thumb/v7e-m+fp/hard\libc_nano.a(lib_a-lock.o)
                0x00031b28                __retarget_lock_acquire_recursive
 .text.__retarget_lock_release_recursive
                0x00031b2a        0x2 c:/users/soong/appdata/local/arduino15/packages/seeeduino/tools/arm-none-eabi-gcc/9-2019q4/bin/../lib/gcc/arm-none-eabi/9.2.1/../../../../arm-none-eabi/lib/thumb/v7e-m+fp/hard\libc_nano.a(lib_a-lock.o)
                0x00031b2a                __retarget_lock_release_recursive
 .text.__ascii_mbtowc
                0x00031b2c       0x24 c:/users/soong/appdata/local/arduino15/packages/seeeduino/tools/arm-none-eabi-gcc/9-2019q4/bin/../lib/gcc/arm-none-eabi/9.2.1/../../../../arm-none-eabi/lib/thumb/v7e-m+fp/hard\libc_nano.a(lib_a-mbtowc_r.o)
                0x00031b2c                __ascii_mbtowc
 .text._realloc_r
                0x00031b50       0x4c c:/users/soong/appdata/local/arduino15/packages/seeeduino/tools/arm-none-eabi-gcc/9-2019q4/bin/../lib/gcc/arm-none-eabi/9.2.1/../../../../arm-none-eabi/lib/thumb/v7e-m+fp/hard\libc_nano.a(lib_a-nano-reallocr.o)
                0x00031b50                _realloc_r
 .text.__ascii_wctomb
                0x00031b9c       0x1a c:/users/soong/appdata/local/arduino15/packages/seeeduino/tools/arm-none-eabi-gcc/9-2019q4/bin/../lib/gcc/arm-none-eabi/9.2.1/../../../../arm-none-eabi/lib/thumb/v7e-m+fp/hard\libc_nano.a(lib_a-wctomb_r.o)
                0x00031b9c                __ascii_wctomb
 .text._malloc_usable_size_r
                0x00031bb6       0x10 c:/users/soong/appdata/local/arduino15/packages/seeeduino/tools/arm-none-eabi-gcc/9-2019q4/bin/../lib/gcc/arm-none-eabi/9.2.1/../../../../arm-none-eabi/lib/thumb/v7e-m+fp/hard\libc_nano.a(lib_a-nano-msizer.o)
                0x00031bb6                _malloc_usable_size_r
 *fill*         0x00031bc6        0x2 
 .text          0x00031bc8      0x424 c:/users/soong/appdata/local/arduino15/packages/seeeduino/tools/arm-none-eabi-gcc/9-2019q4/bin/../lib/gcc/arm-none-eabi/9.2.1/thumb/v7e-m+fp/hard\libgcc.a(_arm_muldivdf3.o)
                0x00031bc8                __aeabi_dmul
                0x00031bc8                __muldf3
                0x00031e1c                __divdf3
                0x00031e1c                __aeabi_ddiv
 .text          0x00031fec      0x110 c:/users/soong/appdata/local/arduino15/packages/seeeduino/tools/arm-none-eabi-gcc/9-2019q4/bin/../lib/gcc/arm-none-eabi/9.2.1/thumb/v7e-m+fp/hard\libgcc.a(_arm_cmpdf2.o)
                0x00031fec                __gtdf2
                0x00031fec                __gedf2
                0x00031ff4                __ltdf2
                0x00031ff4                __ledf2
                0x00031ffc                __nedf2
                0x00031ffc                __eqdf2
                0x00031ffc                __cmpdf2
                0x00032078                __aeabi_cdrcmple
                0x00032088                __aeabi_cdcmpeq
                0x00032088                __aeabi_cdcmple
                0x00032098                __aeabi_dcmpeq
                0x000320ac                __aeabi_dcmplt
                0x000320c0                __aeabi_dcmple
                0x000320d4                __aeabi_dcmpge
                0x000320e8                __aeabi_dcmpgt
 .text          0x000320fc       0x2c c:/users/soong/appdata/local/arduino15/packages/seeeduino/tools/arm-none-eabi-gcc/9-2019q4/bin/../lib/gcc/arm-none-eabi/9.2.1/thumb/v7e-m+fp/hard\libgcc.a(_arm_unorddf2.o)
                0x000320fc                __unorddf2
                0x000320fc                __aeabi_dcmpun
 .text          0x00032128       0x50 c:/users/soong/appdata/local/arduino15/packages/seeeduino/tools/arm-none-eabi-gcc/9-2019q4/bin/../lib/gcc/arm-none-eabi/9.2.1/thumb/v7e-m+fp/hard\libgcc.a(_arm_fixdfsi.o)
                0x00032128                __aeabi_d2iz
                0x00032128                __fixdfsi
 .text._sbrk    0x00032178       0x1c c:/users/soong/appdata/local/arduino15/packages/seeeduino/tools/arm-none-eabi-gcc/9-2019q4/bin/../lib/gcc/arm-none-eabi/9.2.1/../../../../arm-none-eabi/lib/thumb/v7e-m+fp/hard\libnosys.a(sbrk.o)
                0x00032178                _sbrk
 .text._exit    0x00032194        0x4 c:/users/soong/appdata/local/arduino15/packages/seeeduino/tools/arm-none-eabi-gcc/9-2019q4/bin/../lib/gcc/arm-none-eabi/9.2.1/../../../../arm-none-eabi/lib/thumb/v7e-m+fp/hard\libnosys.a(_exit.o)
                0x00032194                _exit
 *(.init)
 .init          0x00032198        0x4 c:/users/soong/appdata/local/arduino15/packages/seeeduino/tools/arm-none-eabi-gcc/9-2019q4/bin/../lib/gcc/arm-none-eabi/9.2.1/thumb/v7e-m+fp/hard/crti.o
                0x00032198                _init
 .init          0x0003219c        0x8 c:/users/soong/appdata/local/arduino15/packages/seeeduino/tools/arm-none-eabi-gcc/9-2019q4/bin/../lib/gcc/arm-none-eabi/9.2.1/thumb/v7e-m+fp/hard/crtn.o
 *(.fini)
 .fini          0x000321a4        0x4 c:/users/soong/appdata/local/arduino15/packages/seeeduino/tools/arm-none-eabi-gcc/9-2019q4/bin/../lib/gcc/arm-none-eabi/9.2.1/thumb/v7e-m+fp/hard/crti.o
                0x000321a4                _fini
 .fini          0x000321a8        0x8 c:/users/soong/appdata/local/arduino15/packages/seeeduino/tools/arm-none-eabi-gcc/9-2019q4/bin/../lib/gcc/arm-none-eabi/9.2.1/thumb/v7e-m+fp/hard/crtn.o
 *crtbegin.o(.ctors)
 *crtbegin?.o(.ctors)
 *(EXCLUDE_FILE(*crtend.o *crtend?.o) .ctors)
 *(SORT_BY_NAME(.ctors.*))
 *(.ctors)
 *crtbegin.o(.dtors)
 *crtbegin?.o(.dtors)
 *(EXCLUDE_FILE(*crtend.o *crtend?.o) .dtors)
 *(SORT_BY_NAME(.dtors.*))
 *(.dtors)
 *(.rodata*)
 .rodata.setup.str1.4
                0x000321b0       0x9f c:\arduino_jol\build\sketch\Arduino_.ino.cpp.o
 *fill*         0x0003224f        0x1 
 .rodata.loop.str1.4
                0x00032250        0x2 c:\arduino_jol\build\sketch\Arduino_.ino.cpp.o
 *fill*         0x00032252        0x2 
 .rodata._ZTV25DFRobot_BloodOxygen_S_I2C
                0x00032254       0x10 c:\arduino_jol\build\libraries\DFRobot_BloodOxygen_S\DFRobot_BloodOxygen_S.cpp.o
                0x00032254                vtable for DFRobot_BloodOxygen_S_I2C
 .rodata._ZTV7TwoWire
                0x00032264       0x24 c:\arduino_jol\build\libraries\Wire\Wire_nRF52.cpp.o
                0x00032264                vtable for TwoWire
 .rodata._ZN17Adafruit_USBD_CDC5beginEm.str1.4
                0x00032288        0xf c:\arduino_jol\build\libraries\Adafruit_TinyUSB_Arduino\arduino\Adafruit_USBD_CDC.cpp.o
 *fill*         0x00032297        0x1 
 .rodata._ZTV17Adafruit_USBD_CDC
                0x00032298       0x34 c:\arduino_jol\build\libraries\Adafruit_TinyUSB_Arduino\arduino\Adafruit_USBD_CDC.cpp.o
                0x00032298                vtable for Adafruit_USBD_CDC
 .rodata._ZN20Adafruit_USBD_Device18clearConfigurationEv.str1.4
                0x000322cc       0x1c c:\arduino_jol\build\libraries\Adafruit_TinyUSB_Arduino\arduino\Adafruit_USBD_Device.cpp.o
 .rodata._ZN20Adafruit_USBD_Device19getSerialDescriptorEPt.str1.4
                0x000322e8       0x11 c:\arduino_jol\build\libraries\Adafruit_TinyUSB_Arduino\arduino\Adafruit_USBD_Device.cpp.o
 *fill*         0x000322f9        0x3 
 .rodata        0x000322fc       0x1d c:\arduino_jol\build\libraries\Adafruit_TinyUSB_Arduino\arduino\Adafruit_USBD_Device.cpp.o
 *fill*         0x00032319        0x3 
 .rodata.tud_msc_inquiry_cb.str1.4
                0x0003231c       0x20 c:\arduino_jol\build\libraries\Adafruit_TinyUSB_Arduino\arduino\msc\Adafruit_USBD_MSC.cpp.o
 .rodata._Z23TinyUSB_Port_InitDeviceh.str1.4
                0x0003233c        0x5 c:\arduino_jol\build\libraries\Adafruit_TinyUSB_Arduino\arduino\ports\nrf\Adafruit_TinyUSB_nrf.cpp.o
 *fill*         0x00032341        0x3 
 .rodata._ZL8desc_bos
                0x00032344       0x39 c:\arduino_jol\build\libraries\Adafruit_TinyUSB_Arduino\arduino\webusb\Adafruit_USBD_WebUSB.cpp.o
 *fill*         0x0003237d        0x3 
 .rodata._usbd_driver
                0x00032380       0x78 c:\arduino_jol\build\libraries\Adafruit_TinyUSB_Arduino\device\usbd.c.o
 .rodata.CSWTCH.31
                0x000323f8        0x4 c:\arduino_jol\build\libraries\Adafruit_TinyUSB_Arduino\portable\nordic\nrf5x\dcd_nrf5x.c.o
 .rodata.g_ADigitalPinMap
                0x000323fc       0x84 c:\arduino_jol\build\core\variant.cpp.o
                0x000323fc                g_ADigitalPinMap
 .rodata.xTimerCreateTimerTask.str1.4
                0x00032480       0x10 c:\arduino_jol\build/core\core.a(timers.c.o)
 .rodata._ZN5Print5printEdi.str1.4
                0x00032490        0x5 c:\arduino_jol\build/core\core.a(Print.cpp.o)
 *fill*         0x00032495        0x3 
 .rodata._ZN5Print7printlnEPK19__FlashStringHelper.str1.4
                0x00032498        0x3 c:\arduino_jol\build/core\core.a(Print.cpp.o)
 *fill*         0x0003249b        0x1 
 .rodata.main.str1.4
                0x0003249c        0x5 c:\arduino_jol\build/core\core.a(main.cpp.o)
 *fill*         0x000324a1        0x3 
 .rodata.ada_callback_init.str1.4
                0x000324a4        0x9 c:\arduino_jol\build/core\core.a(AdaCallback.c.o)
 *fill*         0x000324ad        0x3 
 .rodata._global_impure_ptr
                0x000324b0        0x4 c:/users/soong/appdata/local/arduino15/packages/seeeduino/tools/arm-none-eabi-gcc/9-2019q4/bin/../lib/gcc/arm-none-eabi/9.2.1/../../../../arm-none-eabi/lib/thumb/v7e-m+fp/hard\libc_nano.a(lib_a-impure.o)
                0x000324b0                _global_impure_ptr
 .rodata._printf_float.str1.1
                0x000324b4       0x12 c:/users/soong/appdata/local/arduino15/packages/seeeduino/tools/arm-none-eabi-gcc/9-2019q4/bin/../lib/gcc/arm-none-eabi/9.2.1/../../../../arm-none-eabi/lib/thumb/v7e-m+fp/hard\libc_nano.a(lib_a-nano-vfprintf_float.o)
 .rodata._printf_i.str1.1
                0x000324c6       0x22 c:/users/soong/appdata/local/arduino15/packages/seeeduino/tools/arm-none-eabi-gcc/9-2019q4/bin/../lib/gcc/arm-none-eabi/9.2.1/../../../../arm-none-eabi/lib/thumb/v7e-m+fp/hard\libc_nano.a(lib_a-nano-vfprintf_i.o)
 .rodata._dtoa_r.str1.1
                0x000324e8        0xd c:/users/soong/appdata/local/arduino15/packages/seeeduino/tools/arm-none-eabi-gcc/9-2019q4/bin/../lib/gcc/arm-none-eabi/9.2.1/../../../../arm-none-eabi/lib/thumb/v7e-m+fp/hard\libc_nano.a(lib_a-dtoa.o)
                                  0xf (size before relaxing)
 *fill*         0x000324f5        0x3 
 .rodata.__mprec_bigtens
                0x000324f8       0x28 c:/users/soong/appdata/local/arduino15/packages/seeeduino/tools/arm-none-eabi-gcc/9-2019q4/bin/../lib/gcc/arm-none-eabi/9.2.1/../../../../arm-none-eabi/lib/thumb/v7e-m+fp/hard\libc_nano.a(lib_a-mprec.o)
                0x000324f8                __mprec_bigtens
 .rodata.__mprec_tens
                0x00032520       0xc8 c:/users/soong/appdata/local/arduino15/packages/seeeduino/tools/arm-none-eabi-gcc/9-2019q4/bin/../lib/gcc/arm-none-eabi/9.2.1/../../../../arm-none-eabi/lib/thumb/v7e-m+fp/hard\libc_nano.a(lib_a-mprec.o)
                0x00032520                __mprec_tens
 .rodata.p05.7490
                0x000325e8        0xc c:/users/soong/appdata/local/arduino15/packages/seeeduino/tools/arm-none-eabi-gcc/9-2019q4/bin/../lib/gcc/arm-none-eabi/9.2.1/../../../../arm-none-eabi/lib/thumb/v7e-m+fp/hard\libc_nano.a(lib_a-mprec.o)
 .rodata._svfprintf_r.str1.1
                0x000325f4       0x11 c:/users/soong/appdata/local/arduino15/packages/seeeduino/tools/arm-none-eabi-gcc/9-2019q4/bin/../lib/gcc/arm-none-eabi/9.2.1/../../../../arm-none-eabi/lib/thumb/v7e-m+fp/hard\libc_nano.a(lib_a-nano-svfprintf.o)
 .rodata._setlocale_r.str1.1
                0x00032605        0x8 c:/users/soong/appdata/local/arduino15/packages/seeeduino/tools/arm-none-eabi-gcc/9-2019q4/bin/../lib/gcc/arm-none-eabi/9.2.1/../../../../arm-none-eabi/lib/thumb/v7e-m+fp/hard\libc_nano.a(lib_a-locale.o)
                                  0x9 (size before relaxing)
 .rodata.str1.1
                0x0003260d        0x2 c:/users/soong/appdata/local/arduino15/packages/seeeduino/tools/arm-none-eabi-gcc/9-2019q4/bin/../lib/gcc/arm-none-eabi/9.2.1/../../../../arm-none-eabi/lib/thumb/v7e-m+fp/hard\libc_nano.a(lib_a-locale.o)
 .rodata._ctype_
                0x0003260f      0x101 c:/users/soong/appdata/local/arduino15/packages/seeeduino/tools/arm-none-eabi-gcc/9-2019q4/bin/../lib/gcc/arm-none-eabi/9.2.1/../../../../arm-none-eabi/lib/thumb/v7e-m+fp/hard\libc_nano.a(lib_a-ctype_.o)
                0x0003260f                _ctype_
 *(.eh_frame*)
 .eh_frame      0x00032710        0x0 c:/users/soong/appdata/local/arduino15/packages/seeeduino/tools/arm-none-eabi-gcc/9-2019q4/bin/../lib/gcc/arm-none-eabi/9.2.1/thumb/v7e-m+fp/hard/crtbegin.o
 .eh_frame      0x00032710        0x4 c:/users/soong/appdata/local/arduino15/packages/seeeduino/tools/arm-none-eabi-gcc/9-2019q4/bin/../lib/gcc/arm-none-eabi/9.2.1/thumb/v7e-m+fp/hard/crtend.o

.glue_7         0x00032714        0x0
 .glue_7        0x00032714        0x0 linker stubs

.glue_7t        0x00032714        0x0
 .glue_7t       0x00032714        0x0 linker stubs

.vfp11_veneer   0x00032714        0x0
 .vfp11_veneer  0x00032714        0x0 linker stubs

.v4_bx          0x00032714        0x0
 .v4_bx         0x00032714        0x0 linker stubs

.iplt           0x00032714        0x0
 .iplt          0x00032714        0x0 c:/users/soong/appdata/local/arduino15/packages/seeeduino/tools/arm-none-eabi-gcc/9-2019q4/bin/../lib/gcc/arm-none-eabi/9.2.1/thumb/v7e-m+fp/hard/crtfastmath.o

.ARM.extab
 *(.ARM.extab* .gnu.linkonce.armextab.*)
                0x00032714                __exidx_start = .

.ARM.exidx      0x00032714        0x8
 *(.ARM.exidx* .gnu.linkonce.armexidx.*)
 .ARM.exidx     0x00032714        0x8 c:/users/soong/appdata/local/arduino15/packages/seeeduino/tools/arm-none-eabi-gcc/9-2019q4/bin/../lib/gcc/arm-none-eabi/9.2.1/../../../../arm-none-eabi/lib/thumb/v7e-m+fp/hard/crt0.o
 .ARM.exidx     0x0003271c        0x0 c:/users/soong/appdata/local/arduino15/packages/seeeduino/tools/arm-none-eabi-gcc/9-2019q4/bin/../lib/gcc/arm-none-eabi/9.2.1/thumb/v7e-m+fp/hard\libgcc.a(_udivmoddi4.o)
                                  0x8 (size before relaxing)
                0x0003271c                __exidx_end = .
                0x0003271c                __etext = .

.rel.dyn        0x0003271c        0x0
 .rel.iplt      0x0003271c        0x0 c:/users/soong/appdata/local/arduino15/packages/seeeduino/tools/arm-none-eabi-gcc/9-2019q4/bin/../lib/gcc/arm-none-eabi/9.2.1/thumb/v7e-m+fp/hard/crtfastmath.o

.data           0x20006000      0x300 load address 0x0003271c
                0x20006000                __data_start__ = .
 *(vtable)
 *(.data*)
 .data          0x20006000        0x4 c:/users/soong/appdata/local/arduino15/packages/seeeduino/tools/arm-none-eabi-gcc/9-2019q4/bin/../lib/gcc/arm-none-eabi/9.2.1/thumb/v7e-m+fp/hard/crtbegin.o
                0x20006000                __dso_handle
 .data.desc_ms_os_20
                0x20006004       0xb2 c:\arduino_jol\build\libraries\Adafruit_TinyUSB_Arduino\arduino\webusb\Adafruit_USBD_WebUSB.cpp.o
                0x20006004                desc_ms_os_20
 *fill*         0x200060b6        0x2 
 .data._usbd_qdef
                0x200060b8       0x58 c:\arduino_jol\build\libraries\Adafruit_TinyUSB_Arduino\device\usbd.c.o
                0x200060b8                _usbd_qdef
 .data.SystemCoreClock
                0x20006110        0x4 c:\arduino_jol\build/core\core.a(system_nrf52.c.o)
                0x20006110                SystemCoreClock
 .data.readResolution
                0x20006114        0x4 c:\arduino_jol\build/core\core.a(wiring_analog_nRF52.c.o)
 .data._impure_ptr
                0x20006118        0x4 c:/users/soong/appdata/local/arduino15/packages/seeeduino/tools/arm-none-eabi-gcc/9-2019q4/bin/../lib/gcc/arm-none-eabi/9.2.1/../../../../arm-none-eabi/lib/thumb/v7e-m+fp/hard\libc_nano.a(lib_a-impure.o)
                0x20006118                _impure_ptr
 .data.impure_data
                0x2000611c       0x60 c:/users/soong/appdata/local/arduino15/packages/seeeduino/tools/arm-none-eabi-gcc/9-2019q4/bin/../lib/gcc/arm-none-eabi/9.2.1/../../../../arm-none-eabi/lib/thumb/v7e-m+fp/hard\libc_nano.a(lib_a-impure.o)
 .data.__global_locale
                0x2000617c      0x16c c:/users/soong/appdata/local/arduino15/packages/seeeduino/tools/arm-none-eabi-gcc/9-2019q4/bin/../lib/gcc/arm-none-eabi/9.2.1/../../../../arm-none-eabi/lib/thumb/v7e-m+fp/hard\libc_nano.a(lib_a-locale.o)
                0x2000617c                __global_locale
                0x200062e8                . = ALIGN (0x4)
                0x200062e8                PROVIDE (__preinit_array_start = .)
 *(.preinit_array)
                0x200062e8                PROVIDE (__preinit_array_end = .)
                0x200062e8                . = ALIGN (0x4)
                0x200062e8                PROVIDE (__init_array_start = .)
 *(SORT_BY_NAME(.init_array.*))
 *(.init_array)
 .init_array    0x200062e8        0x4 c:/users/soong/appdata/local/arduino15/packages/seeeduino/tools/arm-none-eabi-gcc/9-2019q4/bin/../lib/gcc/arm-none-eabi/9.2.1/thumb/v7e-m+fp/hard/crtfastmath.o
 .init_array    0x200062ec        0x4 c:/users/soong/appdata/local/arduino15/packages/seeeduino/tools/arm-none-eabi-gcc/9-2019q4/bin/../lib/gcc/arm-none-eabi/9.2.1/thumb/v7e-m+fp/hard/crtbegin.o
 .init_array    0x200062f0        0x4 c:\arduino_jol\build\sketch\Arduino_.ino.cpp.o
 .init_array    0x200062f4        0x4 c:\arduino_jol\build\libraries\Wire\Wire_nRF52.cpp.o
 .init_array    0x200062f8        0x4 c:\arduino_jol\build\libraries\Adafruit_TinyUSB_Arduino\arduino\Adafruit_USBD_CDC.cpp.o
                0x200062fc                PROVIDE (__init_array_end = .)
                0x200062fc                . = ALIGN (0x4)
                [!provide]                PROVIDE (__fini_array_start = .)
 *(SORT_BY_NAME(.fini_array.*))
 *(.fini_array)
 .fini_array    0x200062fc        0x4 c:/users/soong/appdata/local/arduino15/packages/seeeduino/tools/arm-none-eabi-gcc/9-2019q4/bin/../lib/gcc/arm-none-eabi/9.2.1/thumb/v7e-m+fp/hard/crtbegin.o
                [!provide]                PROVIDE (__fini_array_end = .)
 *(.jcr*)
                0x20006300                . = ALIGN (0x4)
                0x20006300                __data_end__ = .
LOAD c:/users/soong/appdata/local/arduino15/packages/seeeduino/tools/arm-none-eabi-gcc/9-2019q4/bin/../lib/gcc/arm-none-eabi/9.2.1/thumb/v7e-m+fp/hard/crtfastmath.o
LOAD c:/users/soong/appdata/local/arduino15/packages/seeeduino/tools/arm-none-eabi-gcc/9-2019q4/bin/../lib/gcc/arm-none-eabi/9.2.1/thumb/v7e-m+fp/hard/crti.o
LOAD c:/users/soong/appdata/local/arduino15/packages/seeeduino/tools/arm-none-eabi-gcc/9-2019q4/bin/../lib/gcc/arm-none-eabi/9.2.1/thumb/v7e-m+fp/hard/crtbegin.o
LOAD c:/users/soong/appdata/local/arduino15/packages/seeeduino/tools/arm-none-eabi-gcc/9-2019q4/bin/../lib/gcc/arm-none-eabi/9.2.1/../../../../arm-none-eabi/lib/thumb/v7e-m+fp/hard/crt0.o
LOAD c:\arduino_jol\build\sketch\Arduino_.ino.cpp.o
LOAD c:\arduino_jol\build\libraries\DFRobot_BloodOxygen_S\DFRobot_BloodOxygen_S.cpp.o
LOAD c:\arduino_jol\build\libraries\Wire\Wire_nRF52.cpp.o
LOAD c:\arduino_jol\build\libraries\Adafruit_TinyUSB_Arduino\tusb.c.o
LOAD c:\arduino_jol\build\libraries\Adafruit_TinyUSB_Arduino\arduino\Adafruit_TinyUSB_API.cpp.o
LOAD c:\arduino_jol\build\libraries\Adafruit_TinyUSB_Arduino\arduino\Adafruit_USBD_CDC.cpp.o
LOAD c:\arduino_jol\build\libraries\Adafruit_TinyUSB_Arduino\arduino\Adafruit_USBD_Device.cpp.o
LOAD c:\arduino_jol\build\libraries\Adafruit_TinyUSB_Arduino\arduino\hid\Adafruit_USBD_HID.cpp.o
LOAD c:\arduino_jol\build\libraries\Adafruit_TinyUSB_Arduino\arduino\midi\Adafruit_USBD_MIDI.cpp.o
LOAD c:\arduino_jol\build\libraries\Adafruit_TinyUSB_Arduino\arduino\msc\Adafruit_USBD_MSC.cpp.o
LOAD c:\arduino_jol\build\libraries\Adafruit_TinyUSB_Arduino\arduino\ports\esp32\Adafruit_TinyUSB_esp32.cpp.o
LOAD c:\arduino_jol\build\libraries\Adafruit_TinyUSB_Arduino\arduino\ports\nrf\Adafruit_TinyUSB_nrf.cpp.o
LOAD c:\arduino_jol\build\libraries\Adafruit_TinyUSB_Arduino\arduino\ports\rp2040\Adafruit_TinyUSB_rp2040.cpp.o
LOAD c:\arduino_jol\build\libraries\Adafruit_TinyUSB_Arduino\arduino\ports\samd\Adafruit_TinyUSB_samd.cpp.o
LOAD c:\arduino_jol\build\libraries\Adafruit_TinyUSB_Arduino\arduino\webusb\Adafruit_USBD_WebUSB.cpp.o
LOAD c:\arduino_jol\build\libraries\Adafruit_TinyUSB_Arduino\class\audio\audio_device.c.o
LOAD c:\arduino_jol\build\libraries\Adafruit_TinyUSB_Arduino\class\bth\bth_device.c.o
LOAD c:\arduino_jol\build\libraries\Adafruit_TinyUSB_Arduino\class\cdc\cdc_device.c.o
LOAD c:\arduino_jol\build\libraries\Adafruit_TinyUSB_Arduino\class\dfu\dfu_device.c.o
LOAD c:\arduino_jol\build\libraries\Adafruit_TinyUSB_Arduino\class\dfu\dfu_rt_device.c.o
LOAD c:\arduino_jol\build\libraries\Adafruit_TinyUSB_Arduino\class\hid\hid_device.c.o
LOAD c:\arduino_jol\build\libraries\Adafruit_TinyUSB_Arduino\class\midi\midi_device.c.o
LOAD c:\arduino_jol\build\libraries\Adafruit_TinyUSB_Arduino\class\msc\msc_device.c.o
LOAD c:\arduino_jol\build\libraries\Adafruit_TinyUSB_Arduino\class\net\ecm_rndis_device.c.o
LOAD c:\arduino_jol\build\libraries\Adafruit_TinyUSB_Arduino\class\net\ncm_device.c.o
LOAD c:\arduino_jol\build\libraries\Adafruit_TinyUSB_Arduino\class\usbtmc\usbtmc_device.c.o
LOAD c:\arduino_jol\build\libraries\Adafruit_TinyUSB_Arduino\class\vendor\vendor_device.c.o
LOAD c:\arduino_jol\build\libraries\Adafruit_TinyUSB_Arduino\common\tusb_fifo.c.o
LOAD c:\arduino_jol\build\libraries\Adafruit_TinyUSB_Arduino\device\usbd.c.o
LOAD c:\arduino_jol\build\libraries\Adafruit_TinyUSB_Arduino\device\usbd_control.c.o
LOAD c:\arduino_jol\build\libraries\Adafruit_TinyUSB_Arduino\portable\espressif\esp32sx\dcd_esp32sx.c.o
LOAD c:\arduino_jol\build\libraries\Adafruit_TinyUSB_Arduino\portable\microchip\samd\dcd_samd.c.o
LOAD c:\arduino_jol\build\libraries\Adafruit_TinyUSB_Arduino\portable\nordic\nrf5x\dcd_nrf5x.c.o
LOAD c:\arduino_jol\build\libraries\Adafruit_TinyUSB_Arduino\portable\nxp\transdimension\dcd_transdimension.c.o
LOAD c:\arduino_jol\build\libraries\Adafruit_TinyUSB_Arduino\portable\raspberrypi\rp2040\dcd_rp2040.c.o
LOAD c:\arduino_jol\build\libraries\Adafruit_TinyUSB_Arduino\portable\raspberrypi\rp2040\hcd_rp2040.c.o
LOAD c:\arduino_jol\build\libraries\Adafruit_TinyUSB_Arduino\portable\raspberrypi\rp2040\rp2040_usb.c.o
LOAD c:\arduino_jol\build\core\variant.cpp.o
START GROUP
LOAD C:\Users\soong\AppData\Local\Arduino15\packages\Seeeduino\tools\CMSIS\5.7.0/CMSIS/DSP/Lib/GCC/\libarm_cortexM4lf_math.a
LOAD c:\arduino_jol\build/core\core.a
END GROUP
LOAD c:/users/soong/appdata/local/arduino15/packages/seeeduino/tools/arm-none-eabi-gcc/9-2019q4/bin/../lib/gcc/arm-none-eabi/9.2.1/../../../../arm-none-eabi/lib/thumb/v7e-m+fp/hard\libstdc++_nano.a
LOAD c:/users/soong/appdata/local/arduino15/packages/seeeduino/tools/arm-none-eabi-gcc/9-2019q4/bin/../lib/gcc/arm-none-eabi/9.2.1/../../../../arm-none-eabi/lib/thumb/v7e-m+fp/hard\libm.a
START GROUP
LOAD c:/users/soong/appdata/local/arduino15/packages/seeeduino/tools/arm-none-eabi-gcc/9-2019q4/bin/../lib/gcc/arm-none-eabi/9.2.1/thumb/v7e-m+fp/hard\libgcc.a
LOAD c:/users/soong/appdata/local/arduino15/packages/seeeduino/tools/arm-none-eabi-gcc/9-2019q4/bin/../lib/gcc/arm-none-eabi/9.2.1/../../../../arm-none-eabi/lib/thumb/v7e-m+fp/hard\libc_nano.a
END GROUP
START GROUP
LOAD c:/users/soong/appdata/local/arduino15/packages/seeeduino/tools/arm-none-eabi-gcc/9-2019q4/bin/../lib/gcc/arm-none-eabi/9.2.1/thumb/v7e-m+fp/hard\libgcc.a
LOAD c:/users/soong/appdata/local/arduino15/packages/seeeduino/tools/arm-none-eabi-gcc/9-2019q4/bin/../lib/gcc/arm-none-eabi/9.2.1/../../../../arm-none-eabi/lib/thumb/v7e-m+fp/hard\libc_nano.a
LOAD c:/users/soong/appdata/local/arduino15/packages/seeeduino/tools/arm-none-eabi-gcc/9-2019q4/bin/../lib/gcc/arm-none-eabi/9.2.1/../../../../arm-none-eabi/lib/thumb/v7e-m+fp/hard\libnosys.a
END GROUP
START GROUP
LOAD c:/users/soong/appdata/local/arduino15/packages/seeeduino/tools/arm-none-eabi-gcc/9-2019q4/bin/../lib/gcc/arm-none-eabi/9.2.1/thumb/v7e-m+fp/hard\libgcc.a
LOAD c:/users/soong/appdata/local/arduino15/packages/seeeduino/tools/arm-none-eabi-gcc/9-2019q4/bin/../lib/gcc/arm-none-eabi/9.2.1/../../../../arm-none-eabi/lib/thumb/v7e-m+fp/hard\libc_nano.a
LOAD c:/users/soong/appdata/local/arduino15/packages/seeeduino/tools/arm-none-eabi-gcc/9-2019q4/bin/../lib/gcc/arm-none-eabi/9.2.1/../../../../arm-none-eabi/lib/thumb/v7e-m+fp/hard\libnosys.a
END GROUP
LOAD c:/users/soong/appdata/local/arduino15/packages/seeeduino/tools/arm-none-eabi-gcc/9-2019q4/bin/../lib/gcc/arm-none-eabi/9.2.1/thumb/v7e-m+fp/hard/crtend.o
LOAD c:/users/soong/appdata/local/arduino15/packages/seeeduino/tools/arm-none-eabi-gcc/9-2019q4/bin/../lib/gcc/arm-none-eabi/9.2.1/thumb/v7e-m+fp/hard/crtn.o
START GROUP
LOAD c:/users/soong/appdata/local/arduino15/packages/seeeduino/tools/arm-none-eabi-gcc/9-2019q4/bin/../lib/gcc/arm-none-eabi/9.2.1/thumb/v7e-m+fp/hard\libgcc.a
LOAD c:/users/soong/appdata/local/arduino15/packages/seeeduino/tools/arm-none-eabi-gcc/9-2019q4/bin/../lib/gcc/arm-none-eabi/9.2.1/../../../../arm-none-eabi/lib/thumb/v7e-m+fp/hard\libc.a
LOAD c:/users/soong/appdata/local/arduino15/packages/seeeduino/tools/arm-none-eabi-gcc/9-2019q4/bin/../lib/gcc/arm-none-eabi/9.2.1/../../../../arm-none-eabi/lib/thumb/v7e-m+fp/hard\libnosys.a
END GROUP

.igot.plt       0x20006300        0x0 load address 0x00032a1c
 .igot.plt      0x20006300        0x0 c:/users/soong/appdata/local/arduino15/packages/seeeduino/tools/arm-none-eabi-gcc/9-2019q4/bin/../lib/gcc/arm-none-eabi/9.2.1/thumb/v7e-m+fp/hard/crtfastmath.o
                0x20006300                . = ALIGN (0x4)

.svc_data       0x20006300        0x0
                [!provide]                PROVIDE (__start_svc_data = .)
 *(.svc_data)
                [!provide]                PROVIDE (__stop_svc_data = .)

.fs_data        0x20006300        0x0
                [!provide]                PROVIDE (__start_fs_data = .)
 *(.fs_data)
                [!provide]                PROVIDE (__stop_fs_data = .)

.bss            0x20006300     0x1a9c load address 0x00032a1c
                0x20006300                . = ALIGN (0x4)